../Drivers/STM32F0xx_HAL_Driver/Inc/stm32f0xx_ll_exti.h:273:22:LL_EXTI_EnableIT_0_31	16	static
../Drivers/STM32F0xx_HAL_Driver/Inc/stm32f0xx_ll_exti.h:321:22:LL_EXTI_DisableIT_0_31	16	static
../Drivers/STM32F0xx_HAL_Driver/Inc/stm32f0xx_ll_exti.h:424:22:LL_EXTI_EnableEvent_0_31	16	static
../Drivers/STM32F0xx_HAL_Driver/Inc/stm32f0xx_ll_exti.h:471:22:LL_EXTI_DisableEvent_0_31	16	static
../Drivers/STM32F0xx_HAL_Driver/Inc/stm32f0xx_ll_exti.h:571:22:LL_EXTI_EnableRisingTrig_0_31	16	static
../Drivers/STM32F0xx_HAL_Driver/Inc/stm32f0xx_ll_exti.h:617:22:LL_EXTI_DisableRisingTrig_0_31	16	static
../Drivers/STM32F0xx_HAL_Driver/Inc/stm32f0xx_ll_exti.h:709:22:LL_EXTI_EnableFallingTrig_0_31	16	static
../Drivers/STM32F0xx_HAL_Driver/Inc/stm32f0xx_ll_exti.h:753:22:LL_EXTI_DisableFallingTrig_0_31	16	static
../Drivers/STM32F0xx_HAL_Driver/Src/stm32f0xx_ll_exti.c:80:10:LL_EXTI_DeInit	8	static
../Drivers/STM32F0xx_HAL_Driver/Src/stm32f0xx_ll_exti.c:113:10:LL_EXTI_Init	24	static
../Drivers/STM32F0xx_HAL_Driver/Src/stm32f0xx_ll_exti.c:194:6:LL_EXTI_StructInit	16	static
