Archive member included to satisfy reference by file (symbol)

/home/icfoss/st/stm32cubeide_1.19.0_2/plugins/com.st.stm32cube.ide.mcu.externaltools.gnu-tools-for-stm32.13.3.rel1.linux64_1.0.0.202410170706/tools/bin/../lib/gcc/arm-none-eabi/13.3.1/../../../../arm-none-eabi/lib/thumb/v6-m/nofp/libc_nano.a(libc_a-exit.o)
                              /home/icfoss/st/stm32cubeide_1.19.0_2/plugins/com.st.stm32cube.ide.mcu.externaltools.gnu-tools-for-stm32.13.3.rel1.linux64_1.0.0.202410170706/tools/bin/../lib/gcc/arm-none-eabi/13.3.1/../../../../arm-none-eabi/lib/thumb/v6-m/nofp/crt0.o (exit)
/home/icfoss/st/stm32cubeide_1.19.0_2/plugins/com.st.stm32cube.ide.mcu.externaltools.gnu-tools-for-stm32.13.3.rel1.linux64_1.0.0.202410170706/tools/bin/../lib/gcc/arm-none-eabi/13.3.1/../../../../arm-none-eabi/lib/thumb/v6-m/nofp/libc_nano.a(libc_a-findfp.o)
                              /home/icfoss/st/stm32cubeide_1.19.0_2/plugins/com.st.stm32cube.ide.mcu.externaltools.gnu-tools-for-stm32.13.3.rel1.linux64_1.0.0.202410170706/tools/bin/../lib/gcc/arm-none-eabi/13.3.1/../../../../arm-none-eabi/lib/thumb/v6-m/nofp/libc_nano.a(libc_a-exit.o) (__stdio_exit_handler)
/home/icfoss/st/stm32cubeide_1.19.0_2/plugins/com.st.stm32cube.ide.mcu.externaltools.gnu-tools-for-stm32.13.3.rel1.linux64_1.0.0.202410170706/tools/bin/../lib/gcc/arm-none-eabi/13.3.1/../../../../arm-none-eabi/lib/thumb/v6-m/nofp/libc_nano.a(libc_a-fwalk.o)
                              /home/icfoss/st/stm32cubeide_1.19.0_2/plugins/com.st.stm32cube.ide.mcu.externaltools.gnu-tools-for-stm32.13.3.rel1.linux64_1.0.0.202410170706/tools/bin/../lib/gcc/arm-none-eabi/13.3.1/../../../../arm-none-eabi/lib/thumb/v6-m/nofp/libc_nano.a(libc_a-findfp.o) (_fwalk_sglue)
/home/icfoss/st/stm32cubeide_1.19.0_2/plugins/com.st.stm32cube.ide.mcu.externaltools.gnu-tools-for-stm32.13.3.rel1.linux64_1.0.0.202410170706/tools/bin/../lib/gcc/arm-none-eabi/13.3.1/../../../../arm-none-eabi/lib/thumb/v6-m/nofp/libc_nano.a(libc_a-stdio.o)
                              /home/icfoss/st/stm32cubeide_1.19.0_2/plugins/com.st.stm32cube.ide.mcu.externaltools.gnu-tools-for-stm32.13.3.rel1.linux64_1.0.0.202410170706/tools/bin/../lib/gcc/arm-none-eabi/13.3.1/../../../../arm-none-eabi/lib/thumb/v6-m/nofp/libc_nano.a(libc_a-findfp.o) (__sread)
/home/icfoss/st/stm32cubeide_1.19.0_2/plugins/com.st.stm32cube.ide.mcu.externaltools.gnu-tools-for-stm32.13.3.rel1.linux64_1.0.0.202410170706/tools/bin/../lib/gcc/arm-none-eabi/13.3.1/../../../../arm-none-eabi/lib/thumb/v6-m/nofp/libc_nano.a(libc_a-memset.o)
                              /home/icfoss/st/stm32cubeide_1.19.0_2/plugins/com.st.stm32cube.ide.mcu.externaltools.gnu-tools-for-stm32.13.3.rel1.linux64_1.0.0.202410170706/tools/bin/../lib/gcc/arm-none-eabi/13.3.1/../../../../arm-none-eabi/lib/thumb/v6-m/nofp/crt0.o (memset)
/home/icfoss/st/stm32cubeide_1.19.0_2/plugins/com.st.stm32cube.ide.mcu.externaltools.gnu-tools-for-stm32.13.3.rel1.linux64_1.0.0.202410170706/tools/bin/../lib/gcc/arm-none-eabi/13.3.1/../../../../arm-none-eabi/lib/thumb/v6-m/nofp/libc_nano.a(libc_a-closer.o)
                              /home/icfoss/st/stm32cubeide_1.19.0_2/plugins/com.st.stm32cube.ide.mcu.externaltools.gnu-tools-for-stm32.13.3.rel1.linux64_1.0.0.202410170706/tools/bin/../lib/gcc/arm-none-eabi/13.3.1/../../../../arm-none-eabi/lib/thumb/v6-m/nofp/libc_nano.a(libc_a-stdio.o) (_close_r)
/home/icfoss/st/stm32cubeide_1.19.0_2/plugins/com.st.stm32cube.ide.mcu.externaltools.gnu-tools-for-stm32.13.3.rel1.linux64_1.0.0.202410170706/tools/bin/../lib/gcc/arm-none-eabi/13.3.1/../../../../arm-none-eabi/lib/thumb/v6-m/nofp/libc_nano.a(libc_a-reent.o)
                              /home/icfoss/st/stm32cubeide_1.19.0_2/plugins/com.st.stm32cube.ide.mcu.externaltools.gnu-tools-for-stm32.13.3.rel1.linux64_1.0.0.202410170706/tools/bin/../lib/gcc/arm-none-eabi/13.3.1/../../../../arm-none-eabi/lib/thumb/v6-m/nofp/libc_nano.a(libc_a-closer.o) (errno)
/home/icfoss/st/stm32cubeide_1.19.0_2/plugins/com.st.stm32cube.ide.mcu.externaltools.gnu-tools-for-stm32.13.3.rel1.linux64_1.0.0.202410170706/tools/bin/../lib/gcc/arm-none-eabi/13.3.1/../../../../arm-none-eabi/lib/thumb/v6-m/nofp/libc_nano.a(libc_a-impure.o)
                              /home/icfoss/st/stm32cubeide_1.19.0_2/plugins/com.st.stm32cube.ide.mcu.externaltools.gnu-tools-for-stm32.13.3.rel1.linux64_1.0.0.202410170706/tools/bin/../lib/gcc/arm-none-eabi/13.3.1/../../../../arm-none-eabi/lib/thumb/v6-m/nofp/libc_nano.a(libc_a-reent.o) (_impure_ptr)
/home/icfoss/st/stm32cubeide_1.19.0_2/plugins/com.st.stm32cube.ide.mcu.externaltools.gnu-tools-for-stm32.13.3.rel1.linux64_1.0.0.202410170706/tools/bin/../lib/gcc/arm-none-eabi/13.3.1/../../../../arm-none-eabi/lib/thumb/v6-m/nofp/libc_nano.a(libc_a-lseekr.o)
[...]
Memory Configuration

Name             Origin             Length             Attributes
RAM              0x20000000         0x00002000         xrw
FLASH            0x08000000         0x00010000         xr
*default*        0x00000000         0xffffffff

Linker script and memory map

LOAD /home/icfoss/st/stm32cubeide_1.19.0_2/plugins/com.st.stm32cube.ide.mcu.externaltools.gnu-tools-for-stm32.13.3.rel1.linux64_1.0.0.202410170706/tools/bin/../lib/gcc/arm-none-eabi/13.3.1/thumb/v6-m/nofp/crti.o
LOAD /home/icfoss/st/stm32cubeide_1.19.0_2/plugins/com.st.stm32cube.ide.mcu.externaltools.gnu-tools-for-stm32.13.3.rel1.linux64_1.0.0.202410170706/tools/bin/../lib/gcc/arm-none-eabi/13.3.1/thumb/v6-m/nofp/crtbegin.o
LOAD /home/icfoss/st/stm32cubeide_1.19.0_2/plugins/com.st.stm32cube.ide.mcu.externaltools.gnu-tools-for-stm32.13.3.rel1.linux64_1.0.0.202410170706/tools/bin/../lib/gcc/arm-none-eabi/13.3.1/../../../../arm-none-eabi/lib/thumb/v6-m/nofp/crt0.o
LOAD ./Core/Src/main.o
LOAD ./Core/Src/stm32f0xx_it.o
LOAD ./Core/Src/syscalls.o
LOAD ./Core/Src/sysmem.o
LOAD ./Core/Src/system_stm32f0xx.o
LOAD ./Core/Startup/startup_stm32f051c8tx.o
LOAD ./Drivers/STM32F0xx_HAL_Driver/Src/stm32f0xx_ll_dma.o
LOAD ./Drivers/STM32F0xx_HAL_Driver/Src/stm32f0xx_ll_exti.o
LOAD ./Drivers/STM32F0xx_HAL_Driver/Src/stm32f0xx_ll_gpio.o
LOAD ./Drivers/STM32F0xx_HAL_Driver/Src/stm32f0xx_ll_pwr.o
LOAD ./Drivers/STM32F0xx_HAL_Driver/Src/stm32f0xx_ll_rcc.o
LOAD ./Drivers/STM32F0xx_HAL_Driver/Src/stm32f0xx_ll_tim.o
LOAD ./Drivers/STM32F0xx_HAL_Driver/Src/stm32f0xx_ll_utils.o
START GROUP
LOAD /home/icfoss/st/stm32cubeide_1.19.0_2/plugins/com.st.stm32cube.ide.mcu.externaltools.gnu-tools-for-stm32.13.3.rel1.linux64_1.0.0.202410170706/tools/bin/../lib/gcc/arm-none-eabi/13.3.1/../../../../arm-none-eabi/lib/thumb/v6-m/nofp/libc_nano.a
LOAD /home/icfoss/st/stm32cubeide_1.19.0_2/plugins/com.st.stm32cube.ide.mcu.externaltools.gnu-tools-for-stm32.13.3.rel1.linux64_1.0.0.202410170706/tools/bin/../lib/gcc/arm-none-eabi/13.3.1/../../../../arm-none-eabi/lib/thumb/v6-m/nofp/libm.a
END GROUP
START GROUP
LOAD /home/icfoss/st/stm32cubeide_1.19.0_2/plugins/com.st.stm32cube.ide.mcu.externaltools.gnu-tools-for-stm32.13.3.rel1.linux64_1.0.0.202410170706/tools/bin/../lib/gcc/arm-none-eabi/13.3.1/thumb/v6-m/nofp/libgcc.a
LOAD /home/icfoss/st/stm32cubeide_1.19.0_2/plugins/com.st.stm32cube.ide.mcu.externaltools.gnu-tools-for-stm32.13.3.rel1.linux64_1.0.0.202410170706/tools/bin/../lib/gcc/arm-none-eabi/13.3.1/../../../../arm-none-eabi/lib/thumb/v6-m/nofp/libc_nano.a
END GROUP
START GROUP
LOAD /home/icfoss/st/stm32cubeide_1.19.0_2/plugins/com.st.stm32cube.ide.mcu.externaltools.gnu-tools-for-stm32.13.3.rel1.linux64_1.0.0.202410170706/tools/bin/../lib/gcc/arm-none-eabi/13.3.1/thumb/v6-m/nofp/libgcc.a
LOAD /home/icfoss/st/stm32cubeide_1.19.0_2/plugins/com.st.stm32cube.ide.mcu.externaltools.gnu-tools-for-stm32.13.3.rel1.linux64_1.0.0.202410170706/tools/bin/../lib/gcc/arm-none-eabi/13.3.1/../../../../arm-none-eabi/lib/thumb/v6-m/nofp/libc_nano.a
LOAD /home/icfoss/st/stm32cubeide_1.19.0_2/plugins/com.st.stm32cube.ide.mcu.externaltools.gnu-tools-for-stm32.13.3.rel1.linux64_1.0.0.202410170706/tools/bin/../lib/gcc/arm-none-eabi/13.3.1/../../../../arm-none-eabi/lib/thumb/v6-m/nofp/libnosys.a
END GROUP
START GROUP
LOAD /home/icfoss/st/stm32cubeide_1.19.0_2/plugins/com.st.stm32cube.ide.mcu.externaltools.gnu-tools-for-stm32.13.3.rel1.linux64_1.0.0.202410170706/tools/bin/../lib/gcc/arm-none-eabi/13.3.1/thumb/v6-m/nofp/libgcc.a
LOAD /home/icfoss/st/stm32cubeide_1.19.0_2/plugins/com.st.stm32cube.ide.mcu.externaltools.gnu-tools-for-stm32.13.3.rel1.linux64_1.0.0.202410170706/tools/bin/../lib/gcc/arm-none-eabi/13.3.1/../../../../arm-none-eabi/lib/thumb/v6-m/nofp/libc_nano.a
LOAD /home/icfoss/st/stm32cubeide_1.19.0_2/plugins/com.st.stm32cube.ide.mcu.externaltools.gnu-tools-for-stm32.13.3.rel1.linux64_1.0.0.202410170706/tools/bin/../lib/gcc/arm-none-eabi/13.3.1/../../../../arm-none-eabi/lib/thumb/v6-m/nofp/libnosys.a
END GROUP
LOAD /home/icfoss/st/stm32cubeide_1.19.0_2/plugins/com.st.stm32cube.ide.mcu.externaltools.gnu-tools-for-stm32.13.3.rel1.linux64_1.0.0.202410170706/tools/bin/../lib/gcc/arm-none-eabi/13.3.1/thumb/v6-m/nofp/crtend.o
LOAD /home/icfoss/st/stm32cubeide_1.19.0_2/plugins/com.st.stm32cube.ide.mcu.externaltools.gnu-tools-for-stm32.13.3.rel1.linux64_1.0.0.202410170706/tools/bin/../lib/gcc/arm-none-eabi/13.3.1/thumb/v6-m/nofp/crtn.o
                0x20002000                        _estack = (ORIGIN (RAM) + LENGTH (RAM))
                0x00000200                        _Min_Heap_Size = 0x200
                0x00000400                        _Min_Stack_Size = 0x400

.isr_vector     0x08000000       0xc0
                0x08000000                        . = ALIGN (0x4)
 *(.isr_vector)
 .isr_vector    0x08000000       0xc0 ./Core/Startup/startup_stm32f051c8tx.o
                0x08000000                g_pfnVectors
                0x080000c0                        . = ALIGN (0x4)

.text           0x080000c0     0x1740
                0x080000c0                        . = ALIGN (0x4)
 *(.text)
 .text          0x080000c0       0x48 /home/icfoss/st/stm32cubeide_1.19.0_2/plugins/com.st.stm32cube.ide.mcu.externaltools.gnu-tools-for-stm32.13.3.rel1.linux64_1.0.0.202410170706/tools/bin/../lib/gcc/arm-none-eabi/13.3.1/thumb/v6-m/nofp/crtbegin.o
 .text          0x08000108      0x114 /home/icfoss/st/stm32cubeide_1.19.0_2/plugins/com.st.stm32cube.ide.mcu.externaltools.gnu-tools-for-stm32.13.3.rel1.linux64_1.0.0.202410170706/tools/bin/../lib/gcc/arm-none-eabi/13.3.1/thumb/v6-m/nofp/libgcc.a(_udivsi3.o)
                0x08000108                __udivsi3
                0x08000108                __aeabi_uidiv
                0x08000214                __aeabi_uidivmod
 .text          0x0800021c        0x4 /home/icfoss/st/stm32cubeide_1.19.0_2/plugins/com.st.stm32cube.ide.mcu.externaltools.gnu-tools-for-stm32.13.3.rel1.linux64_1.0.0.202410170706/tools/bin/../lib/gcc/arm-none-eabi/13.3.1/thumb/v6-m/nofp/libgcc.a(_dvmd_tls.o)
                0x0800021c                __aeabi_ldiv0
                0x0800021c                __aeabi_idiv0
 *(.text*)
 .text.__NVIC_SetPriority
                0x08000220       0xdc ./Core/Src/main.o
 .text.LL_RCC_HSI_Enable
                0x080002fc       0x1c ./Core/Src/main.o
 .text.LL_RCC_HSI_IsReady
                0x08000318       0x20 ./Core/Src/main.o
 .text.LL_RCC_HSI_SetCalibTrimming
                0x08000338       0x28 ./Core/Src/main.o
 .text.LL_RCC_SetSysClkSource
                0x08000360       0x28 ./Core/Src/main.o
 .text.LL_RCC_GetSysClkSource
                0x08000388       0x18 ./Core/Src/main.o
 .text.LL_RCC_SetAHBPrescaler
                0x080003a0       0x28 ./Core/Src/main.o
 .text.LL_RCC_SetAPB1Prescaler
                0x080003c8       0x2c ./Core/Src/main.o
 .text.LL_RCC_PLL_Enable
                0x080003f4       0x1c ./Core/Src/main.o
 .text.LL_RCC_PLL_IsReady
                0x08000410       0x28 ./Core/Src/main.o
 .text.LL_RCC_PLL_ConfigDomain_SYS
                0x08000438       0x4c ./Core/Src/main.o
 .text.LL_AHB1_GRP1_EnableClock
                0x08000484       0x2c ./Core/Src/main.o
 .text.LL_APB1_GRP1_EnableClock
                0x080004b0       0x2c ./Core/Src/main.o
 .text.LL_APB1_GRP2_EnableClock
                0x080004dc       0x2c ./Core/Src/main.o
 .text.LL_FLASH_SetLatency
                0x08000508       0x28 ./Core/Src/main.o
 .text.LL_FLASH_GetLatency
                0x08000530       0x18 ./Core/Src/main.o
 .text.LL_TIM_EnableCounter
                0x08000548       0x1c ./Core/Src/main.o
 .text.LL_TIM_EnableARRPreload
                0x08000564       0x1c ./Core/Src/main.o
 .text.LL_TIM_CC_EnableChannel
                0x08000580       0x1e ./Core/Src/main.o
 .text.LL_TIM_CC_DisableChannel
                0x0800059e       0x20 ./Core/Src/main.o
 *fill*         0x080005be        0x2 
 .text.LL_TIM_OC_DisableFast
                0x080005c0       0x94 ./Core/Src/main.o
 .text.LL_TIM_OC_EnablePreload
                0x08000654       0x90 ./Core/Src/main.o
 .text.LL_TIM_OC_SetCompareCH1
                0x080006e4       0x18 ./Core/Src/main.o
 .text.LL_TIM_OC_SetCompareCH2
                0x080006fc       0x18 ./Core/Src/main.o
 .text.LL_TIM_OC_SetCompareCH3
                0x08000714       0x18 ./Core/Src/main.o
 .text.LL_TIM_EnableAllOutputs
                0x0800072c       0x1e ./Core/Src/main.o
 .text.LL_TIM_GenerateEvent_UPDATE
                0x0800074a       0x1c ./Core/Src/main.o
 .text.LL_GPIO_SetOutputPin
                0x08000766       0x18 ./Core/Src/main.o
 .text.LL_GPIO_ResetOutputPin
                0x0800077e       0x18 ./Core/Src/main.o
 *fill*         0x08000796        0x2 
 .text.main     0x08000798      0x12c ./Core/Src/main.o
                0x08000798                main
 .text.short_delay_cycles
                0x080008c4       0x20 ./Core/Src/main.o
 .text.phaseA_PWM
                0x080008e4       0x2c ./Core/Src/main.o
 .text.phaseB_PWM
                0x08000910       0x2c ./Core/Src/main.o
 .text.phaseC_PWM
                0x0800093c       0x30 ./Core/Src/main.o
 .text.phaseA_LOW
                0x0800096c       0x2c ./Core/Src/main.o
 .text.phaseB_LOW
                0x08000998       0x2c ./Core/Src/main.o
 .text.phaseC_LOW
                0x080009c4       0x30 ./Core/Src/main.o
 .text.phaseA_OFF
                0x080009f4       0x24 ./Core/Src/main.o
 .text.phaseB_OFF
                0x08000a18       0x28 ./Core/Src/main.o
 .text.phaseC_OFF
                0x08000a40       0x2c ./Core/Src/main.o
 .text.SystemClock_Config
                0x08000a6c       0x80 ./Core/Src/main.o
                0x08000a6c                SystemClock_Config
 .text.MX_TIM1_Init
                0x08000aec      0x20c ./Core/Src/main.o
 .text.MX_GPIO_Init
                0x08000cf8        0xa ./Core/Src/main.o
 .text.NMI_Handler
                0x08000d02        0x8 ./Core/Src/stm32f0xx_it.o
                0x08000d02                NMI_Handler
 .text.HardFault_Handler
                0x08000d0a        0x8 ./Core/Src/stm32f0xx_it.o
                0x08000d0a                HardFault_Handler
 .text.SVC_Handler
                0x08000d12        0xa ./Core/Src/stm32f0xx_it.o
                0x08000d12                SVC_Handler
 .text.PendSV_Handler
                0x08000d1c        0xa ./Core/Src/stm32f0xx_it.o
                0x08000d1c                PendSV_Handler
 .text.SysTick_Handler
                0x08000d26        0xa ./Core/Src/stm32f0xx_it.o
                0x08000d26                SysTick_Handler
 .text.SystemInit
                0x08000d30        0xa ./Core/Src/system_stm32f0xx.o
                0x08000d30                SystemInit
 *fill*         0x08000d3a        0x2 
 .text.Reset_Handler
                0x08000d3c       0x50 ./Core/Startup/startup_stm32f051c8tx.o
                0x08000d3c                Reset_Handler
 .text.Default_Handler
                0x08000d8c        0x2 ./Core/Startup/startup_stm32f051c8tx.o
                0x08000d8c                TIM1_CC_IRQHandler
                0x08000d8c                TSC_IRQHandler
                0x08000d8c                ADC1_COMP_IRQHandler
                0x08000d8c                PVD_IRQHandler
                0x08000d8c                I2C1_IRQHandler
                0x08000d8c                RCC_CRS_IRQHandler
                0x08000d8c                SPI1_IRQHandler
                0x08000d8c                TIM6_DAC_IRQHandler
                0x08000d8c                EXTI2_3_IRQHandler
                0x08000d8c                I2C2_IRQHandler
                0x08000d8c                TIM17_IRQHandler
                0x08000d8c                CEC_CAN_IRQHandler
                0x08000d8c                RTC_IRQHandler
                0x08000d8c                TIM16_IRQHandler
                0x08000d8c                TIM3_IRQHandler
                0x08000d8c                EXTI4_15_IRQHandler
                0x08000d8c                DMA1_Channel1_IRQHandler
                0x08000d8c                Default_Handler
                0x08000d8c                TIM14_IRQHandler
                0x08000d8c                DMA1_Channel4_5_IRQHandler
                0x08000d8c                TIM15_IRQHandler
                0x08000d8c                EXTI0_1_IRQHandler
                0x08000d8c                SPI2_IRQHandler
                0x08000d8c                WWDG_IRQHandler
                0x08000d8c                TIM2_IRQHandler
                0x08000d8c                DMA1_Channel2_3_IRQHandler
                0x08000d8c                USART2_IRQHandler
                0x08000d8c                FLASH_IRQHandler
                0x08000d8c                USART1_IRQHandler
                0x08000d8c                TIM1_BRK_UP_TRG_COM_IRQHandler
 .text.LL_GPIO_SetPinMode
                0x08000d8e       0x38 ./Drivers/STM32F0xx_HAL_Driver/Src/stm32f0xx_ll_gpio.o
 .text.LL_GPIO_SetPinOutputType
                0x08000dc6       0x2a ./Drivers/STM32F0xx_HAL_Driver/Src/stm32f0xx_ll_gpio.o
 .text.LL_GPIO_SetPinSpeed
                0x08000df0       0x38 ./Drivers/STM32F0xx_HAL_Driver/Src/stm32f0xx_ll_gpio.o
 .text.LL_GPIO_SetPinPull
                0x08000e28       0x38 ./Drivers/STM32F0xx_HAL_Driver/Src/stm32f0xx_ll_gpio.o
 .text.LL_GPIO_SetAFPin_0_7
                0x08000e60       0x46 ./Drivers/STM32F0xx_HAL_Driver/Src/stm32f0xx_ll_gpio.o
 .text.LL_GPIO_SetAFPin_8_15
                0x08000ea6       0x5a ./Drivers/STM32F0xx_HAL_Driver/Src/stm32f0xx_ll_gpio.o
 .text.LL_GPIO_Init
                0x08000f00       0xb8 ./Drivers/STM32F0xx_HAL_Driver/Src/stm32f0xx_ll_gpio.o
                0x08000f00                LL_GPIO_Init
 .text.LL_TIM_SetPrescaler
                0x08000fb8       0x18 ./Drivers/STM32F0xx_HAL_Driver/Src/stm32f0xx_ll_tim.o
 .text.LL_TIM_SetAutoReload
                0x08000fd0       0x18 ./Drivers/STM32F0xx_HAL_Driver/Src/stm32f0xx_ll_tim.o
 .text.LL_TIM_SetRepetitionCounter
                0x08000fe8       0x18 ./Drivers/STM32F0xx_HAL_Driver/Src/stm32f0xx_ll_tim.o
 .text.LL_TIM_OC_SetCompareCH1
                0x08001000       0x18 ./Drivers/STM32F0xx_HAL_Driver/Src/stm32f0xx_ll_tim.o
 .text.LL_TIM_OC_SetCompareCH2
                0x08001018       0x18 ./Drivers/STM32F0xx_HAL_Driver/Src/stm32f0xx_ll_tim.o
 .text.LL_TIM_OC_SetCompareCH3
                0x08001030       0x18 ./Drivers/STM32F0xx_HAL_Driver/Src/stm32f0xx_ll_tim.o
 .text.LL_TIM_OC_SetCompareCH4
                0x08001048       0x18 ./Drivers/STM32F0xx_HAL_Driver/Src/stm32f0xx_ll_tim.o
 .text.LL_TIM_GenerateEvent_UPDATE
                0x08001060       0x1c ./Drivers/STM32F0xx_HAL_Driver/Src/stm32f0xx_ll_tim.o
 .text.LL_TIM_Init
                0x0800107c      0x104 ./Drivers/STM32F0xx_HAL_Driver/Src/stm32f0xx_ll_tim.o
                0x0800107c                LL_TIM_Init
 .text.LL_TIM_OC_Init
                0x08001180       0xb2 ./Drivers/STM32F0xx_HAL_Driver/Src/stm32f0xx_ll_tim.o
                0x08001180                LL_TIM_OC_Init
 *fill*         0x08001232        0x2 
 .text.LL_TIM_BDTR_Init
                0x08001234       0x98 ./Drivers/STM32F0xx_HAL_Driver/Src/stm32f0xx_ll_tim.o
                0x08001234                LL_TIM_BDTR_Init
 .text.OC1Config
                0x080012cc      0x108 ./Drivers/STM32F0xx_HAL_Driver/Src/stm32f0xx_ll_tim.o
 .text.OC2Config
                0x080013d4      0x114 ./Drivers/STM32F0xx_HAL_Driver/Src/stm32f0xx_ll_tim.o
 .text.OC3Config
                0x080014e8      0x114 ./Drivers/STM32F0xx_HAL_Driver/Src/stm32f0xx_ll_tim.o
 .text.OC4Config
                0x080015fc       0xe0 ./Drivers/STM32F0xx_HAL_Driver/Src/stm32f0xx_ll_tim.o
 .text.LL_InitTick
                0x080016dc       0x34 ./Drivers/STM32F0xx_HAL_Driver/Src/stm32f0xx_ll_utils.o
 .text.LL_Init1msTick
                0x08001710       0x1e ./Drivers/STM32F0xx_HAL_Driver/Src/stm32f0xx_ll_utils.o
                0x08001710                LL_Init1msTick
 *fill*         0x0800172e        0x2 
 .text.LL_mDelay
                0x08001730       0x44 ./Drivers/STM32F0xx_HAL_Driver/Src/stm32f0xx_ll_utils.o
                0x08001730                LL_mDelay
 .text.LL_SetSystemCoreClock
                0x08001774       0x1c ./Drivers/STM32F0xx_HAL_Driver/Src/stm32f0xx_ll_utils.o
                0x08001774                LL_SetSystemCoreClock
 .text.memset   0x08001790       0x10 /home/icfoss/st/stm32cubeide_1.19.0_2/plugins/com.st.stm32cube.ide.mcu.externaltools.gnu-tools-for-stm32.13.3.rel1.linux64_1.0.0.202410170706/tools/bin/../lib/gcc/arm-none-eabi/13.3.1/../../../../arm-none-eabi/lib/thumb/v6-m/nofp/libc_nano.a(libc_a-memset.o)
                0x08001790                memset
 .text.__libc_init_array
                0x080017a0       0x48 /home/icfoss/st/stm32cubeide_1.19.0_2/plugins/com.st.stm32cube.ide.mcu.externaltools.gnu-tools-for-stm32.13.3.rel1.linux64_1.0.0.202410170706/tools/bin/../lib/gcc/arm-none-eabi/13.3.1/../../../../arm-none-eabi/lib/thumb/v6-m/nofp/libc_nano.a(libc_a-init.o)
                0x080017a0                __libc_init_array
 *(.glue_7)
 .glue_7        0x080017e8        0x0 linker stubs
 *(.glue_7t)
 .glue_7t       0x080017e8        0x0 linker stubs
 *(.eh_frame)
 .eh_frame      0x080017e8        0x0 /home/icfoss/st/stm32cubeide_1.19.0_2/plugins/com.st.stm32cube.ide.mcu.externaltools.gnu-tools-for-stm32.13.3.rel1.linux64_1.0.0.202410170706/tools/bin/../lib/gcc/arm-none-eabi/13.3.1/thumb/v6-m/nofp/crtbegin.o
 *(.init)
 .init          0x080017e8        0x4 /home/icfoss/st/stm32cubeide_1.19.0_2/plugins/com.st.stm32cube.ide.mcu.externaltools.gnu-tools-for-stm32.13.3.rel1.linux64_1.0.0.202410170706/tools/bin/../lib/gcc/arm-none-eabi/13.3.1/thumb/v6-m/nofp/crti.o
                0x080017e8                _init
 .init          0x080017ec        0x8 /home/icfoss/st/stm32cubeide_1.19.0_2/plugins/com.st.stm32cube.ide.mcu.externaltools.gnu-tools-for-stm32.13.3.rel1.linux64_1.0.0.202410170706/tools/bin/../lib/gcc/arm-none-eabi/13.3.1/thumb/v6-m/nofp/crtn.o
 *(.fini)
 .fini          0x080017f4        0x4 /home/icfoss/st/stm32cubeide_1.19.0_2/plugins/com.st.stm32cube.ide.mcu.externaltools.gnu-tools-for-stm32.13.3.rel1.linux64_1.0.0.202410170706/tools/bin/../lib/gcc/arm-none-eabi/13.3.1/thumb/v6-m/nofp/crti.o
                0x080017f4                _fini
 .fini          0x080017f8        0x8 /home/icfoss/st/stm32cubeide_1.19.0_2/plugins/com.st.stm32cube.ide.mcu.externaltools.gnu-tools-for-stm32.13.3.rel1.linux64_1.0.0.202410170706/tools/bin/../lib/gcc/arm-none-eabi/13.3.1/thumb/v6-m/nofp/crtn.o
                0x08001800                        . = ALIGN (0x4)
                0x08001800                        _etext = .

.vfp11_veneer   0x08001800        0x0
 .vfp11_veneer  0x08001800        0x0 linker stubs

.v4_bx          0x08001800        0x0
 .v4_bx         0x08001800        0x0 linker stubs

.iplt           0x08001800        0x0
 .iplt          0x08001800        0x0 /home/icfoss/st/stm32cubeide_1.19.0_2/plugins/com.st.stm32cube.ide.mcu.externaltools.gnu-tools-for-stm32.13.3.rel1.linux64_1.0.0.202410170706/tools/bin/../lib/gcc/arm-none-eabi/13.3.1/thumb/v6-m/nofp/crtbegin.o

.rodata         0x08001800       0x10
                0x08001800                        . = ALIGN (0x4)
 *(.rodata)
 *(.rodata*)
 .rodata.OFFSET_TAB_CCMRx
                0x08001800        0x7 ./Core/Src/main.o
 *fill*         0x08001807        0x1 
 .rodata.SHIFT_TAB_OCxx
                0x08001808        0x7 ./Core/Src/main.o
                0x08001810                        . = ALIGN (0x4)
 *fill*         0x0800180f        0x1 

.ARM.extab      0x08001810        0x0
                0x08001810                        . = ALIGN (0x4)
 *(.ARM.extab* .gnu.linkonce.armextab.*)
                0x08001810                        . = ALIGN (0x4)

.ARM            0x08001810        0x0
                0x08001810                        . = ALIGN (0x4)
                0x08001810                        __exidx_start = .
 *(.ARM.exidx*)
                0x08001810                        __exidx_end = .
                0x08001810                        . = ALIGN (0x4)

.preinit_array  0x08001810        0x0
                0x08001810                        . = ALIGN (0x4)
                0x08001810                        PROVIDE (__preinit_array_start = .)
 *(.preinit_array*)
                0x08001810                        PROVIDE (__preinit_array_end = .)
                0x08001810                        . = ALIGN (0x4)

.init_array     0x08001810        0x4
                0x08001810                        . = ALIGN (0x4)
                0x08001810                        PROVIDE (__init_array_start = .)
 *(SORT_BY_NAME(.init_array.*))
 *(.init_array*)
 .init_array    0x08001810        0x4 /home/icfoss/st/stm32cubeide_1.19.0_2/plugins/com.st.stm32cube.ide.mcu.externaltools.gnu-tools-for-stm32.13.3.rel1.linux64_1.0.0.202410170706/tools/bin/../lib/gcc/arm-none-eabi/13.3.1/thumb/v6-m/nofp/crtbegin.o
                0x08001814                        PROVIDE (__init_array_end = .)
                0x08001814                        . = ALIGN (0x4)

.fini_array     0x08001814        0x4
                0x08001814                        . = ALIGN (0x4)
                [!provide]                        PROVIDE (__fini_array_start = .)
 *(SORT_BY_NAME(.fini_array.*))
 *(.fini_array*)
 .fini_array    0x08001814        0x4 /home/icfoss/st/stm32cubeide_1.19.0_2/plugins/com.st.stm32cube.ide.mcu.externaltools.gnu-tools-for-stm32.13.3.rel1.linux64_1.0.0.202410170706/tools/bin/../lib/gcc/arm-none-eabi/13.3.1/thumb/v6-m/nofp/crtbegin.o
                [!provide]                        PROVIDE (__fini_array_end = .)
                0x08001818                        . = ALIGN (0x4)
                0x08001818                        _sidata = LOADADDR (.data)

.rel.dyn        0x08001818        0x0
 .rel.iplt      0x08001818        0x0 /home/icfoss/st/stm32cubeide_1.19.0_2/plugins/com.st.stm32cube.ide.mcu.externaltools.gnu-tools-for-stm32.13.3.rel1.linux64_1.0.0.202410170706/tools/bin/../lib/gcc/arm-none-eabi/13.3.1/thumb/v6-m/nofp/crtbegin.o

.data           0x20000000        0x4 load address 0x08001818
                0x20000000                        . = ALIGN (0x4)
                0x20000000                        _sdata = .
 *(.data)
 *(.data*)
 .data.SystemCoreClock
                0x20000000        0x4 ./Core/Src/system_stm32f0xx.o
                0x20000000                SystemCoreClock
 *(.RamFunc)
 *(.RamFunc*)
                0x20000004                        . = ALIGN (0x4)
                0x20000004                        _edata = .

.igot.plt       0x20000004        0x0 load address 0x0800181c
 .igot.plt      0x20000004        0x0 /home/icfoss/st/stm32cubeide_1.19.0_2/plugins/com.st.stm32cube.ide.mcu.externaltools.gnu-tools-for-stm32.13.3.rel1.linux64_1.0.0.202410170706/tools/bin/../lib/gcc/arm-none-eabi/13.3.1/thumb/v6-m/nofp/crtbegin.o
                0x20000004                        . = ALIGN (0x4)

.bss            0x20000004       0x1c load address 0x0800181c
                0x20000004                        _sbss = .
                0x20000004                        __bss_start__ = _sbss
 *(.bss)
 .bss           0x20000004       0x1c /home/icfoss/st/stm32cubeide_1.19.0_2/plugins/com.st.stm32cube.ide.mcu.externaltools.gnu-tools-for-stm32.13.3.rel1.linux64_1.0.0.202410170706/tools/bin/../lib/gcc/arm-none-eabi/13.3.1/thumb/v6-m/nofp/crtbegin.o
 *(.bss*)
 *(COMMON)
                0x20000020                        . = ALIGN (0x4)
                0x20000020                        _ebss = .
                0x20000020                        __bss_end__ = _ebss

._user_heap_stack
                0x20000020      0x600 load address 0x0800181c
                0x20000020                        . = ALIGN (0x8)
                [!provide]                        PROVIDE (end = .)
                0x20000020                        PROVIDE (_end = .)
                0x20000220                        . = (. + _Min_Heap_Size)
 *fill*         0x20000020      0x200 
                0x20000620                        . = (. + _Min_Stack_Size)
 *fill*         0x20000220      0x400 
                0x20000620                        . = ALIGN (0x8)

/DISCARD/
 libc.a(*)
 libm.a(*)
 libgcc.a(*)

.ARM.attributes
                0x00000000       0x28
 *(.ARM.attributes)
 .ARM.attributes
                0x00000000       0x1e /home/icfoss/st/stm32cubeide_1.19.0_2/plugins/com.st.stm32cube.ide.mcu.externaltools.gnu-tools-for-stm32.13.3.rel1.linux64_1.0.0.202410170706/tools/bin/../lib/gcc/arm-none-eabi/13.3.1/thumb/v6-m/nofp/crti.o
 .ARM.attributes
                0x0000001e       0x2c /home/icfoss/st/stm32cubeide_1.19.0_2/plugins/com.st.stm32cube.ide.mcu.externaltools.gnu-tools-for-stm32.13.3.rel1.linux64_1.0.0.202410170706/tools/bin/../lib/gcc/arm-none-eabi/13.3.1/thumb/v6-m/nofp/crtbegin.o
 .ARM.attributes
                0x0000004a       0x2c ./Core/Src/main.o
 .ARM.attributes
                0x00000076       0x2c ./Core/Src/stm32f0xx_it.o
 .ARM.attributes
                0x000000a2       0x2c ./Core/Src/system_stm32f0xx.o
 .ARM.attributes
                0x000000ce       0x21 ./Core/Startup/startup_stm32f051c8tx.o
 .ARM.attributes
                0x000000ef       0x2c ./Drivers/STM32F0xx_HAL_Driver/Src/stm32f0xx_ll_gpio.o
 .ARM.attributes
                0x0000011b       0x2c ./Drivers/STM32F0xx_HAL_Driver/Src/stm32f0xx_ll_tim.o
 .ARM.attributes
                0x00000147       0x2c ./Drivers/STM32F0xx_HAL_Driver/Src/stm32f0xx_ll_utils.o
 .ARM.attributes
                0x00000173       0x2c /home/icfoss/st/stm32cubeide_1.19.0_2/plugins/com.st.stm32cube.ide.mcu.externaltools.gnu-tools-for-stm32.13.3.rel1.linux64_1.0.0.202410170706/tools/bin/../lib/gcc/arm-none-eabi/13.3.1/../../../../arm-none-eabi/lib/thumb/v6-m/nofp/libc_nano.a(libc_a-memset.o)
 .ARM.attributes
                0x0000019f       0x2c /home/icfoss/st/stm32cubeide_1.19.0_2/plugins/com.st.stm32cube.ide.mcu.externaltools.gnu-tools-for-stm32.13.3.rel1.linux64_1.0.0.202410170706/tools/bin/../lib/gcc/arm-none-eabi/13.3.1/../../../../arm-none-eabi/lib/thumb/v6-m/nofp/libc_nano.a(libc_a-init.o)
 .ARM.attributes
                0x000001cb       0x1e /home/icfoss/st/stm32cubeide_1.19.0_2/plugins/com.st.stm32cube.ide.mcu.externaltools.gnu-tools-for-stm32.13.3.rel1.linux64_1.0.0.202410170706/tools/bin/../lib/gcc/arm-none-eabi/13.3.1/thumb/v6-m/nofp/libgcc.a(_udivsi3.o)
 .ARM.attributes
                0x000001e9       0x1e /home/icfoss/st/stm32cubeide_1.19.0_2/plugins/com.st.stm32cube.ide.mcu.externaltools.gnu-tools-for-stm32.13.3.rel1.linux64_1.0.0.202410170706/tools/bin/../lib/gcc/arm-none-eabi/13.3.1/thumb/v6-m/nofp/libgcc.a(_dvmd_tls.o)
 .ARM.attributes
                0x00000207       0x1e /home/icfoss/st/stm32cubeide_1.19.0_2/plugins/com.st.stm32cube.ide.mcu.externaltools.gnu-tools-for-stm32.13.3.rel1.linux64_1.0.0.202410170706/tools/bin/../lib/gcc/arm-none-eabi/13.3.1/thumb/v6-m/nofp/crtn.o
OUTPUT(OPENLOOP_F051.elf elf32-littlearm)
LOAD linker stubs
LOAD /home/icfoss/st/stm32cubeide_1.19.0_2/plugins/com.st.stm32cube.ide.mcu.externaltools.gnu-tools-for-stm32.13.3.rel1.linux64_1.0.0.202410170706/tools/bin/../lib/gcc/arm-none-eabi/13.3.1/../../../../arm-none-eabi/lib/thumb/v6-m/nofp/libc.a
LOAD /home/icfoss/st/stm32cubeide_1.19.0_2/plugins/com.st.stm32cube.ide.mcu.externaltools.gnu-tools-for-stm32.13.3.rel1.linux64_1.0.0.202410170706/tools/bin/../lib/gcc/arm-none-eabi/13.3.1/../../../../arm-none-eabi/lib/thumb/v6-m/nofp/libm.a
LOAD /home/icfoss/st/stm32cubeide_1.19.0_2/plugins/com.st.stm32cube.ide.mcu.externaltools.gnu-tools-for-stm32.13.3.rel1.linux64_1.0.0.202410170706/tools/bin/../lib/gcc/arm-none-eabi/13.3.1/thumb/v6-m/nofp/libgcc.a

.debug_info     0x00000000     0x2f16
 .debug_info    0x00000000     0x106c ./Core/Src/main.o
 .debug_info    0x0000106c      0x16e ./Core/Src/stm32f0xx_it.o
 .debug_info    0x000011da      0x23b ./Core/Src/system_stm32f0xx.o
 .debug_info    0x00001415       0x30 ./Core/Startup/startup_stm32f051c8tx.o
 .debug_info    0x00001445      0x510 ./Drivers/STM32F0xx_HAL_Driver/Src/stm32f0xx_ll_gpio.o
 .debug_info    0x00001955      0xe4e ./Drivers/STM32F0xx_HAL_Driver/Src/stm32f0xx_ll_tim.o
 .debug_info    0x000027a3      0x773 ./Drivers/STM32F0xx_HAL_Driver/Src/stm32f0xx_ll_utils.o

.debug_abbrev   0x00000000      0xa74
 .debug_abbrev  0x00000000      0x2b4 ./Core/Src/main.o
 .debug_abbrev  0x000002b4       0x81 ./Core/Src/stm32f0xx_it.o
 .debug_abbrev  0x00000335      0x11c ./Core/Src/system_stm32f0xx.o
 .debug_abbrev  0x00000451       0x24 ./Core/Startup/startup_stm32f051c8tx.o
 .debug_abbrev  0x00000475      0x1a7 ./Drivers/STM32F0xx_HAL_Driver/Src/stm32f0xx_ll_gpio.o
 .debug_abbrev  0x0000061c      0x20f ./Drivers/STM32F0xx_HAL_Driver/Src/stm32f0xx_ll_tim.o
 .debug_abbrev  0x0000082b      0x249 ./Drivers/STM32F0xx_HAL_Driver/Src/stm32f0xx_ll_utils.o

.debug_aranges  0x00000000      0x488
 .debug_aranges
                0x00000000      0x178 ./Core/Src/main.o
 .debug_aranges
                0x00000178       0x40 ./Core/Src/stm32f0xx_it.o
 .debug_aranges
                0x000001b8       0x28 ./Core/Src/system_stm32f0xx.o
 .debug_aranges
                0x000001e0       0x28 ./Core/Startup/startup_stm32f051c8tx.o
 .debug_aranges
                0x00000208       0x70 ./Drivers/STM32F0xx_HAL_Driver/Src/stm32f0xx_ll_gpio.o
 .debug_aranges
                0x00000278      0x128 ./Drivers/STM32F0xx_HAL_Driver/Src/stm32f0xx_ll_tim.o
 .debug_aranges
                0x000003a0       0xe8 ./Drivers/STM32F0xx_HAL_Driver/Src/stm32f0xx_ll_utils.o

.debug_rnglists
                0x00000000      0x35a
 .debug_rnglists
                0x00000000      0x11b ./Core/Src/main.o
 .debug_rnglists
                0x0000011b       0x2b ./Core/Src/stm32f0xx_it.o
 .debug_rnglists
                0x00000146       0x1a ./Core/Src/system_stm32f0xx.o
 .debug_rnglists
                0x00000160       0x19 ./Core/Startup/startup_stm32f051c8tx.o
 .debug_rnglists
                0x00000179       0x51 ./Drivers/STM32F0xx_HAL_Driver/Src/stm32f0xx_ll_gpio.o
 .debug_rnglists
                0x000001ca       0xe4 ./Drivers/STM32F0xx_HAL_Driver/Src/stm32f0xx_ll_tim.o
 .debug_rnglists
                0x000002ae       0xac ./Drivers/STM32F0xx_HAL_Driver/Src/stm32f0xx_ll_utils.o

.debug_macro    0x00000000     0xc027
 .debug_macro   0x00000000      0x151 ./Core/Src/main.o
 .debug_macro   0x00000151      0xaea ./Core/Src/main.o
 .debug_macro   0x00000c3b       0x2e ./Core/Src/main.o
 .debug_macro   0x00000c69       0x22 ./Core/Src/main.o
 .debug_macro   0x00000c8b       0x22 ./Core/Src/main.o
 .debug_macro   0x00000cad       0x8e ./Core/Src/main.o
 .debug_macro   0x00000d3b       0x51 ./Core/Src/main.o
 .debug_macro   0x00000d8c      0x103 ./Core/Src/main.o
 .debug_macro   0x00000e8f       0x6a ./Core/Src/main.o
 .debug_macro   0x00000ef9      0x1df ./Core/Src/main.o
 .debug_macro   0x000010d8       0x1c ./Core/Src/main.o
 .debug_macro   0x000010f4       0x22 ./Core/Src/main.o
 .debug_macro   0x00001116       0xaf ./Core/Src/main.o
 .debug_macro   0x000011c5      0x391 ./Core/Src/main.o
 .debug_macro   0x00001556     0x8d00 ./Core/Src/main.o
 .debug_macro   0x0000a256       0x66 ./Core/Src/main.o
 .debug_macro   0x0000a2bc      0x3e9 ./Core/Src/main.o
 .debug_macro   0x0000a6a5       0xe5 ./Core/Src/main.o
 .debug_macro   0x0000a78a      0x184 ./Core/Src/main.o
 .debug_macro   0x0000a90e       0xef ./Core/Src/main.o
 .debug_macro   0x0000a9fd       0x16 ./Core/Src/main.o
 .debug_macro   0x0000aa13       0x2a ./Core/Src/main.o
 .debug_macro   0x0000aa3d       0xa6 ./Core/Src/main.o
 .debug_macro   0x0000aae3      0x215 ./Core/Src/main.o
 .debug_macro   0x0000acf8      0x5bd ./Core/Src/main.o
 .debug_macro   0x0000b2b5      0x11f ./Core/Src/main.o
 .debug_macro   0x0000b3d4       0x22 ./Core/Src/main.o
 .debug_macro   0x0000b3f6      0x137 ./Core/Src/stm32f0xx_it.o
 .debug_macro   0x0000b52d       0xc0 ./Core/Src/system_stm32f0xx.o
 .debug_macro   0x0000b5ed       0xfc ./Drivers/STM32F0xx_HAL_Driver/Src/stm32f0xx_ll_gpio.o
 .debug_macro   0x0000b6e9      0x119 ./Drivers/STM32F0xx_HAL_Driver/Src/stm32f0xx_ll_gpio.o
 .debug_macro   0x0000b802      0x145 ./Drivers/STM32F0xx_HAL_Driver/Src/stm32f0xx_ll_tim.o
 .debug_macro   0x0000b947      0x5b7 ./Drivers/STM32F0xx_HAL_Driver/Src/stm32f0xx_ll_tim.o
 .debug_macro   0x0000befe      0x129 ./Drivers/STM32F0xx_HAL_Driver/Src/stm32f0xx_ll_utils.o

.debug_line     0x00000000     0x312a
 .debug_line    0x00000000      0xc63 ./Core/Src/main.o
 .debug_line    0x00000c63      0x5d2 ./Core/Src/stm32f0xx_it.o
 .debug_line    0x00001235      0x4be ./Core/Src/system_stm32f0xx.o
 .debug_line    0x000016f3       0x7b ./Core/Startup/startup_stm32f051c8tx.o
 .debug_line    0x0000176e      0x632 ./Drivers/STM32F0xx_HAL_Driver/Src/stm32f0xx_ll_gpio.o
 .debug_line    0x00001da0      0xace ./Drivers/STM32F0xx_HAL_Driver/Src/stm32f0xx_ll_tim.o
 .debug_line    0x0000286e      0x8bc ./Drivers/STM32F0xx_HAL_Driver/Src/stm32f0xx_ll_utils.o

.debug_str      0x00000000    0x414db
 .debug_str     0x00000000    0x414db ./Core/Src/main.o
                              0x3f374 (size before relaxing)
 .debug_str     0x000414db    0x3e9e4 ./Core/Src/stm32f0xx_it.o
 .debug_str     0x000414db    0x36dbc ./Core/Src/system_stm32f0xx.o
 .debug_str     0x000414db       0x7f ./Core/Startup/startup_stm32f051c8tx.o
 .debug_str     0x000414db    0x37fcb ./Drivers/STM32F0xx_HAL_Driver/Src/stm32f0xx_ll_gpio.o
 .debug_str     0x000414db    0x3b6f5 ./Drivers/STM32F0xx_HAL_Driver/Src/stm32f0xx_ll_tim.o
 .debug_str     0x000414db    0x3a2f8 ./Drivers/STM32F0xx_HAL_Driver/Src/stm32f0xx_ll_utils.o

.comment        0x00000000       0x43
 .comment       0x00000000       0x43 ./Core/Src/main.o
                                 0x44 (size before relaxing)
 .comment       0x00000043       0x44 ./Core/Src/stm32f0xx_it.o
 .comment       0x00000043       0x44 ./Core/Src/system_stm32f0xx.o
 .comment       0x00000043       0x44 ./Drivers/STM32F0xx_HAL_Driver/Src/stm32f0xx_ll_gpio.o
 .comment       0x00000043       0x44 ./Drivers/STM32F0xx_HAL_Driver/Src/stm32f0xx_ll_tim.o
 .comment       0x00000043       0x44 ./Drivers/STM32F0xx_HAL_Driver/Src/stm32f0xx_ll_utils.o

.debug_frame    0x00000000      0xf84
 .debug_frame   0x00000000      0x548 ./Core/Src/main.o
 .debug_frame   0x00000548       0x9c ./Core/Src/stm32f0xx_it.o
 .debug_frame   0x000005e4       0x4c ./Core/Src/system_stm32f0xx.o
 .debug_frame   0x00000630      0x170 ./Drivers/STM32F0xx_HAL_Driver/Src/stm32f0xx_ll_gpio.o
 .debug_frame   0x000007a0      0x450 ./Drivers/STM32F0xx_HAL_Driver/Src/stm32f0xx_ll_tim.o
 .debug_frame   0x00000bf0      0x328 ./Drivers/STM32F0xx_HAL_Driver/Src/stm32f0xx_ll_utils.o
 .debug_frame   0x00000f18       0x20 /home/icfoss/st/stm32cubeide_1.19.0_2/plugins/com.st.stm32cube.ide.mcu.externaltools.gnu-tools-for-stm32.13.3.rel1.linux64_1.0.0.202410170706/tools/bin/../lib/gcc/arm-none-eabi/13.3.1/../../../../arm-none-eabi/lib/thumb/v6-m/nofp/libc_nano.a(libc_a-memset.o)
 .debug_frame   0x00000f38       0x2c /home/icfoss/st/stm32cubeide_1.19.0_2/plugins/com.st.stm32cube.ide.mcu.externaltools.gnu-tools-for-stm32.13.3.rel1.linux64_1.0.0.202410170706/tools/bin/../lib/gcc/arm-none-eabi/13.3.1/../../../../arm-none-eabi/lib/thumb/v6-m/nofp/libc_nano.a(libc_a-init.o)
 .debug_frame   0x00000f64       0x20 /home/icfoss/st/stm32cubeide_1.19.0_2/plugins/com.st.stm32cube.ide.mcu.externaltools.gnu-tools-for-stm32.13.3.rel1.linux64_1.0.0.202410170706/tools/bin/../lib/gcc/arm-none-eabi/13.3.1/thumb/v6-m/nofp/libgcc.a(_udivsi3.o)

.debug_line_str
                0x00000000       0x63
 .debug_line_str
                0x00000000       0x63 ./Core/Startup/startup_stm32f051c8tx.o
