Archive member included to satisfy reference by file (symbol)

/home/icfoss/st/stm32cubeide_1.19.0_2/plugins/com.st.stm32cube.ide.mcu.externaltools.gnu-tools-for-stm32.13.3.rel1.linux64_1.0.0.202410170706/tools/bin/../lib/gcc/arm-none-eabi/13.3.1/../../../../arm-none-eabi/lib/thumb/v6-m/nofp/libc_nano.a(libc_a-exit.o)
                              /home/icfoss/st/stm32cubeide_1.19.0_2/plugins/com.st.stm32cube.ide.mcu.externaltools.gnu-tools-for-stm32.13.3.rel1.linux64_1.0.0.202410170706/tools/bin/../lib/gcc/arm-none-eabi/13.3.1/../../../../arm-none-eabi/lib/thumb/v6-m/nofp/crt0.o (exit)
/home/icfoss/st/stm32cubeide_1.19.0_2/plugins/com.st.stm32cube.ide.mcu.externaltools.gnu-tools-for-stm32.13.3.rel1.linux64_1.0.0.202410170706/tools/bin/../lib/gcc/arm-none-eabi/13.3.1/../../../../arm-none-eabi/lib/thumb/v6-m/nofp/libc_nano.a(libc_a-findfp.o)
                              /home/icfoss/st/stm32cubeide_1.19.0_2/plugins/com.st.stm32cube.ide.mcu.externaltools.gnu-tools-for-stm32.13.3.rel1.linux64_1.0.0.202410170706/tools/bin/../lib/gcc/arm-none-eabi/13.3.1/../../../../arm-none-eabi/lib/thumb/v6-m/nofp/libc_nano.a(libc_a-exit.o) (__stdio_exit_handler)
/home/icfoss/st/stm32cubeide_1.19.0_2/plugins/com.st.stm32cube.ide.mcu.externaltools.gnu-tools-for-stm32.13.3.rel1.linux64_1.0.0.202410170706/tools/bin/../lib/gcc/arm-none-eabi/13.3.1/../../../../arm-none-eabi/lib/thumb/v6-m/nofp/libc_nano.a(libc_a-fwalk.o)
                              /home/icfoss/st/stm32cubeide_1.19.0_2/plugins/com.st.stm32cube.ide.mcu.externaltools.gnu-tools-for-stm32.13.3.rel1.linux64_1.0.0.202410170706/tools/bin/../lib/gcc/arm-none-eabi/13.3.1/../../../../arm-none-eabi/lib/thumb/v6-m/nofp/libc_nano.a(libc_a-findfp.o) (_fwalk_sglue)
/home/icfoss/st/stm32cubeide_1.19.0_2/plugins/com.st.stm32cube.ide.mcu.externaltools.gnu-tools-for-stm32.13.3.rel1.linux64_1.0.0.202410170706/tools/bin/../lib/gcc/arm-none-eabi/13.3.1/../../../../arm-none-eabi/lib/thumb/v6-m/nofp/libc_nano.a(libc_a-stdio.o)
                              /home/icfoss/st/stm32cubeide_1.19.0_2/plugins/com.st.stm32cube.ide.mcu.externaltools.gnu-tools-for-stm32.13.3.rel1.linux64_1.0.0.202410170706/tools/bin/../lib/gcc/arm-none-eabi/13.3.1/../../../../arm-none-eabi/lib/thumb/v6-m/nofp/libc_nano.a(libc_a-findfp.o) (__sread)
/home/icfoss/st/stm32cubeide_1.19.0_2/plugins/com.st.stm32cube.ide.mcu.externaltools.gnu-tools-for-stm32.13.3.rel1.linux64_1.0.0.202410170706/tools/bin/../lib/gcc/arm-none-eabi/13.3.1/../../../../arm-none-eabi/lib/thumb/v6-m/nofp/libc_nano.a(libc_a-memset.o)
                              /home/icfoss/st/stm32cubeide_1.19.0_2/plugins/com.st.stm32cube.ide.mcu.externaltools.gnu-tools-for-stm32.13.3.rel1.linux64_1.0.0.202410170706/tools/bin/../lib/gcc/arm-none-eabi/13.3.1/../../../../arm-none-eabi/lib/thumb/v6-m/nofp/crt0.o (memset)
/home/icfoss/st/stm32cubeide_1.19.0_2/plugins/com.st.stm32cube.ide.mcu.externaltools.gnu-tools-for-stm32.13.3.rel1.linux64_1.0.0.202410170706/tools/bin/../lib/gcc/arm-none-eabi/13.3.1/../../../../arm-none-eabi/lib/thumb/v6-m/nofp/libc_nano.a(libc_a-closer.o)
                              /home/icfoss/st/stm32cubeide_1.19.0_2/plugins/com.st.stm32cube.ide.mcu.externaltools.gnu-tools-for-stm32.13.3.rel1.linux64_1.0.0.202410170706/tools/bin/../lib/gcc/arm-none-eabi/13.3.1/../../../../arm-none-eabi/lib/thumb/v6-m/nofp/libc_nano.a(libc_a-stdio.o) (_close_r)
/home/icfoss/st/stm32cubeide_1.19.0_2/plugins/com.st.stm32cube.ide.mcu.externaltools.gnu-tools-for-stm32.13.3.rel1.linux64_1.0.0.202410170706/tools/bin/../lib/gcc/arm-none-eabi/13.3.1/../../../../arm-none-eabi/lib/thumb/v6-m/nofp/libc_nano.a(libc_a-reent.o)
                              /home/icfoss/st/stm32cubeide_1.19.0_2/plugins/com.st.stm32cube.ide.mcu.externaltools.gnu-tools-for-stm32.13.3.rel1.linux64_1.0.0.202410170706/tools/bin/../lib/gcc/arm-none-eabi/13.3.1/../../../../arm-none-eabi/lib/thumb/v6-m/nofp/libc_nano.a(libc_a-closer.o) (errno)
/home/icfoss/st/stm32cubeide_1.19.0_2/plugins/com.st.stm32cube.ide.mcu.externaltools.gnu-tools-for-stm32.13.3.rel1.linux64_1.0.0.202410170706/tools/bin/../lib/gcc/arm-none-eabi/13.3.1/../../../../arm-none-eabi/lib/thumb/v6-m/nofp/libc_nano.a(libc_a-impure.o)
                              /home/icfoss/st/stm32cubeide_1.19.0_2/plugins/com.st.stm32cube.ide.mcu.externaltools.gnu-tools-for-stm32.13.3.rel1.linux64_1.0.0.202410170706/tools/bin/../lib/gcc/arm-none-eabi/13.3.1/../../../../arm-none-eabi/lib/thumb/v6-m/nofp/libc_nano.a(libc_a-reent.o) (_impure_ptr)
/home/icfoss/st/stm32cubeide_1.19.0_2/plugins/com.st.stm32cube.ide.mcu.externaltools.gnu-tools-for-stm32.13.3.rel1.linux64_1.0.0.202410170706/tools/bin/../lib/gcc/arm-none-eabi/13.3.1/../../../../arm-none-eabi/lib/thumb/v6-m/nofp/libc_nano.a(libc_a-lseekr.o)
[...]
Memory Configuration

Name             Origin             Length             Attributes
RAM              0x20000000         0x00002000         xrw
FLASH            0x08000000         0x00010000         xr
*default*        0x00000000         0xffffffff

Linker script and memory map

LOAD /home/icfoss/st/stm32cubeide_1.19.0_2/plugins/com.st.stm32cube.ide.mcu.externaltools.gnu-tools-for-stm32.13.3.rel1.linux64_1.0.0.202410170706/tools/bin/../lib/gcc/arm-none-eabi/13.3.1/thumb/v6-m/nofp/crti.o
LOAD /home/icfoss/st/stm32cubeide_1.19.0_2/plugins/com.st.stm32cube.ide.mcu.externaltools.gnu-tools-for-stm32.13.3.rel1.linux64_1.0.0.202410170706/tools/bin/../lib/gcc/arm-none-eabi/13.3.1/thumb/v6-m/nofp/crtbegin.o
LOAD /home/icfoss/st/stm32cubeide_1.19.0_2/plugins/com.st.stm32cube.ide.mcu.externaltools.gnu-tools-for-stm32.13.3.rel1.linux64_1.0.0.202410170706/tools/bin/../lib/gcc/arm-none-eabi/13.3.1/../../../../arm-none-eabi/lib/thumb/v6-m/nofp/crt0.o
LOAD ./Core/Src/main.o
LOAD ./Core/Src/stm32f0xx_it.o
LOAD ./Core/Src/syscalls.o
LOAD ./Core/Src/sysmem.o
LOAD ./Core/Src/system_stm32f0xx.o
LOAD ./Core/Startup/startup_stm32f051c8tx.o
LOAD ./Drivers/STM32F0xx_HAL_Driver/Src/stm32f0xx_ll_adc.o
LOAD ./Drivers/STM32F0xx_HAL_Driver/Src/stm32f0xx_ll_dma.o
LOAD ./Drivers/STM32F0xx_HAL_Driver/Src/stm32f0xx_ll_exti.o
LOAD ./Drivers/STM32F0xx_HAL_Driver/Src/stm32f0xx_ll_gpio.o
LOAD ./Drivers/STM32F0xx_HAL_Driver/Src/stm32f0xx_ll_pwr.o
LOAD ./Drivers/STM32F0xx_HAL_Driver/Src/stm32f0xx_ll_rcc.o
LOAD ./Drivers/STM32F0xx_HAL_Driver/Src/stm32f0xx_ll_tim.o
LOAD ./Drivers/STM32F0xx_HAL_Driver/Src/stm32f0xx_ll_utils.o
START GROUP
LOAD /home/icfoss/st/stm32cubeide_1.19.0_2/plugins/com.st.stm32cube.ide.mcu.externaltools.gnu-tools-for-stm32.13.3.rel1.linux64_1.0.0.202410170706/tools/bin/../lib/gcc/arm-none-eabi/13.3.1/../../../../arm-none-eabi/lib/thumb/v6-m/nofp/libc_nano.a
LOAD /home/icfoss/st/stm32cubeide_1.19.0_2/plugins/com.st.stm32cube.ide.mcu.externaltools.gnu-tools-for-stm32.13.3.rel1.linux64_1.0.0.202410170706/tools/bin/../lib/gcc/arm-none-eabi/13.3.1/../../../../arm-none-eabi/lib/thumb/v6-m/nofp/libm.a
END GROUP
START GROUP
LOAD /home/icfoss/st/stm32cubeide_1.19.0_2/plugins/com.st.stm32cube.ide.mcu.externaltools.gnu-tools-for-stm32.13.3.rel1.linux64_1.0.0.202410170706/tools/bin/../lib/gcc/arm-none-eabi/13.3.1/thumb/v6-m/nofp/libgcc.a
LOAD /home/icfoss/st/stm32cubeide_1.19.0_2/plugins/com.st.stm32cube.ide.mcu.externaltools.gnu-tools-for-stm32.13.3.rel1.linux64_1.0.0.202410170706/tools/bin/../lib/gcc/arm-none-eabi/13.3.1/../../../../arm-none-eabi/lib/thumb/v6-m/nofp/libc_nano.a
END GROUP
START GROUP
LOAD /home/icfoss/st/stm32cubeide_1.19.0_2/plugins/com.st.stm32cube.ide.mcu.externaltools.gnu-tools-for-stm32.13.3.rel1.linux64_1.0.0.202410170706/tools/bin/../lib/gcc/arm-none-eabi/13.3.1/thumb/v6-m/nofp/libgcc.a
LOAD /home/icfoss/st/stm32cubeide_1.19.0_2/plugins/com.st.stm32cube.ide.mcu.externaltools.gnu-tools-for-stm32.13.3.rel1.linux64_1.0.0.202410170706/tools/bin/../lib/gcc/arm-none-eabi/13.3.1/../../../../arm-none-eabi/lib/thumb/v6-m/nofp/libc_nano.a
LOAD /home/icfoss/st/stm32cubeide_1.19.0_2/plugins/com.st.stm32cube.ide.mcu.externaltools.gnu-tools-for-stm32.13.3.rel1.linux64_1.0.0.202410170706/tools/bin/../lib/gcc/arm-none-eabi/13.3.1/../../../../arm-none-eabi/lib/thumb/v6-m/nofp/libnosys.a
END GROUP
START GROUP
LOAD /home/icfoss/st/stm32cubeide_1.19.0_2/plugins/com.st.stm32cube.ide.mcu.externaltools.gnu-tools-for-stm32.13.3.rel1.linux64_1.0.0.202410170706/tools/bin/../lib/gcc/arm-none-eabi/13.3.1/thumb/v6-m/nofp/libgcc.a
LOAD /home/icfoss/st/stm32cubeide_1.19.0_2/plugins/com.st.stm32cube.ide.mcu.externaltools.gnu-tools-for-stm32.13.3.rel1.linux64_1.0.0.202410170706/tools/bin/../lib/gcc/arm-none-eabi/13.3.1/../../../../arm-none-eabi/lib/thumb/v6-m/nofp/libc_nano.a
LOAD /home/icfoss/st/stm32cubeide_1.19.0_2/plugins/com.st.stm32cube.ide.mcu.externaltools.gnu-tools-for-stm32.13.3.rel1.linux64_1.0.0.202410170706/tools/bin/../lib/gcc/arm-none-eabi/13.3.1/../../../../arm-none-eabi/lib/thumb/v6-m/nofp/libnosys.a
END GROUP
LOAD /home/icfoss/st/stm32cubeide_1.19.0_2/plugins/com.st.stm32cube.ide.mcu.externaltools.gnu-tools-for-stm32.13.3.rel1.linux64_1.0.0.202410170706/tools/bin/../lib/gcc/arm-none-eabi/13.3.1/thumb/v6-m/nofp/crtend.o
LOAD /home/icfoss/st/stm32cubeide_1.19.0_2/plugins/com.st.stm32cube.ide.mcu.externaltools.gnu-tools-for-stm32.13.3.rel1.linux64_1.0.0.202410170706/tools/bin/../lib/gcc/arm-none-eabi/13.3.1/thumb/v6-m/nofp/crtn.o
                0x20002000                        _estack = (ORIGIN (RAM) + LENGTH (RAM))
                0x00000200                        _Min_Heap_Size = 0x200
                0x00000400                        _Min_Stack_Size = 0x400

.isr_vector     0x08000000       0xc0
                0x08000000                        . = ALIGN (0x4)
 *(.isr_vector)
 .isr_vector    0x08000000       0xc0 ./Core/Startup/startup_stm32f051c8tx.o
                0x08000000                g_pfnVectors
                0x080000c0                        . = ALIGN (0x4)

.text           0x080000c0     0x18ec
                0x080000c0                        . = ALIGN (0x4)
 *(.text)
 .text          0x080000c0       0x48 /home/icfoss/st/stm32cubeide_1.19.0_2/plugins/com.st.stm32cube.ide.mcu.externaltools.gnu-tools-for-stm32.13.3.rel1.linux64_1.0.0.202410170706/tools/bin/../lib/gcc/arm-none-eabi/13.3.1/thumb/v6-m/nofp/crtbegin.o
 .text          0x08000108      0x114 /home/icfoss/st/stm32cubeide_1.19.0_2/plugins/com.st.stm32cube.ide.mcu.externaltools.gnu-tools-for-stm32.13.3.rel1.linux64_1.0.0.202410170706/tools/bin/../lib/gcc/arm-none-eabi/13.3.1/thumb/v6-m/nofp/libgcc.a(_udivsi3.o)
                0x08000108                __udivsi3
                0x08000108                __aeabi_uidiv
                0x08000214                __aeabi_uidivmod
 .text          0x0800021c        0x4 /home/icfoss/st/stm32cubeide_1.19.0_2/plugins/com.st.stm32cube.ide.mcu.externaltools.gnu-tools-for-stm32.13.3.rel1.linux64_1.0.0.202410170706/tools/bin/../lib/gcc/arm-none-eabi/13.3.1/thumb/v6-m/nofp/libgcc.a(_dvmd_tls.o)
                0x0800021c                __aeabi_ldiv0
                0x0800021c                __aeabi_idiv0
 *(.text*)
 .text.__NVIC_SetPriority
                0x08000220       0xdc ./Core/Src/main.o
 .text.LL_ADC_REG_SetSequencerChannels
                0x080002fc       0x1c ./Core/Src/main.o
 .text.LL_ADC_Enable
                0x08000318       0x24 ./Core/Src/main.o
 .text.LL_ADC_StartCalibration
                0x0800033c       0x28 ./Core/Src/main.o
 .text.LL_ADC_IsCalibrationOnGoing
                0x08000364       0x26 ./Core/Src/main.o
 *fill*         0x0800038a        0x2 
 .text.LL_ADC_REG_StartConversion
                0x0800038c       0x24 ./Core/Src/main.o
 .text.LL_ADC_REG_ReadConversionData12
                0x080003b0       0x16 ./Core/Src/main.o
 .text.LL_ADC_IsActiveFlag_ADRDY
                0x080003c6       0x20 ./Core/Src/main.o
 .text.LL_ADC_IsActiveFlag_EOC
                0x080003e6       0x20 ./Core/Src/main.o
 .text.LL_ADC_ClearFlag_EOC
                0x08000406       0x16 ./Core/Src/main.o
 .text.LL_RCC_HSI_Enable
                0x0800041c       0x1c ./Core/Src/main.o
 .text.LL_RCC_HSI_IsReady
                0x08000438       0x20 ./Core/Src/main.o
 .text.LL_RCC_HSI14_Enable
                0x08000458       0x1c ./Core/Src/main.o
 .text.LL_RCC_HSI14_IsReady
                0x08000474       0x20 ./Core/Src/main.o
 .text.LL_RCC_SetSysClkSource
                0x08000494       0x28 ./Core/Src/main.o
 .text.LL_RCC_GetSysClkSource
                0x080004bc       0x18 ./Core/Src/main.o
 .text.LL_RCC_SetAHBPrescaler
                0x080004d4       0x28 ./Core/Src/main.o
 .text.LL_RCC_SetAPB1Prescaler
                0x080004fc       0x2c ./Core/Src/main.o
 .text.LL_RCC_PLL_Enable
                0x08000528       0x1c ./Core/Src/main.o
 .text.LL_RCC_PLL_IsReady
                0x08000544       0x28 ./Core/Src/main.o
 .text.LL_RCC_PLL_ConfigDomain_SYS
                0x0800056c       0x4c ./Core/Src/main.o
 .text.LL_AHB1_GRP1_EnableClock
                0x080005b8       0x2c ./Core/Src/main.o
 .text.LL_APB1_GRP1_EnableClock
                0x080005e4       0x2c ./Core/Src/main.o
 .text.LL_APB1_GRP2_EnableClock
                0x08000610       0x2c ./Core/Src/main.o
 .text.LL_FLASH_SetLatency
                0x0800063c       0x28 ./Core/Src/main.o
 .text.LL_FLASH_GetLatency
                0x08000664       0x18 ./Core/Src/main.o
 .text.LL_TIM_EnableCounter
                0x0800067c       0x1c ./Core/Src/main.o
 .text.LL_TIM_EnableARRPreload
                0x08000698       0x1c ./Core/Src/main.o
 .text.LL_TIM_CC_EnableChannel
                0x080006b4       0x1e ./Core/Src/main.o
 .text.LL_TIM_CC_DisableChannel
                0x080006d2       0x20 ./Core/Src/main.o
 *fill*         0x080006f2        0x2 
 .text.LL_TIM_OC_EnablePreload
                0x080006f4       0x90 ./Core/Src/main.o
 .text.LL_TIM_OC_SetCompareCH1
                0x08000784       0x18 ./Core/Src/main.o
 .text.LL_TIM_OC_SetCompareCH2
                0x0800079c       0x18 ./Core/Src/main.o
 .text.LL_TIM_OC_SetCompareCH3
                0x080007b4       0x18 ./Core/Src/main.o
 .text.LL_TIM_EnableAllOutputs
                0x080007cc       0x1e ./Core/Src/main.o
 .text.LL_GPIO_SetOutputPin
                0x080007ea       0x18 ./Core/Src/main.o
 .text.LL_GPIO_ResetOutputPin
                0x08000802       0x18 ./Core/Src/main.o
 .text.short_delay_cycles
                0x0800081a       0x20 ./Core/Src/main.o
 *fill*         0x0800083a        0x2 
 .text.phaseA_PWM
                0x0800083c       0x2c ./Core/Src/main.o
 .text.phaseB_PWM
                0x08000868       0x2c ./Core/Src/main.o
 .text.phaseC_PWM
                0x08000894       0x30 ./Core/Src/main.o
 .text.phaseA_LOW
                0x080008c4       0x2c ./Core/Src/main.o
 .text.phaseB_LOW
                0x080008f0       0x2c ./Core/Src/main.o
 .text.phaseC_LOW
                0x0800091c       0x30 ./Core/Src/main.o
 .text.phaseA_OFF
                0x0800094c       0x24 ./Core/Src/main.o
 .text.phaseB_OFF
                0x08000970       0x28 ./Core/Src/main.o
 .text.phaseC_OFF
                0x08000998       0x2c ./Core/Src/main.o
 .text.main     0x080009c4      0x138 ./Core/Src/main.o
                0x080009c4                main
 .text.MX_ADC1_Init
                0x08000afc       0xb8 ./Core/Src/main.o
 .text.Read_Potentiometer
                0x08000bb4       0x8c ./Core/Src/main.o
 .text.SystemClock_Config
                0x08000c40       0x7c ./Core/Src/main.o
                0x08000c40                SystemClock_Config
 .text.MX_TIM1_Init
                0x08000cbc       0xc8 ./Core/Src/main.o
 .text.MX_GPIO_Init
                0x08000d84       0x9c ./Core/Src/main.o
 .text.NMI_Handler
                0x08000e20        0x8 ./Core/Src/stm32f0xx_it.o
                0x08000e20                NMI_Handler
 .text.HardFault_Handler
                0x08000e28        0x8 ./Core/Src/stm32f0xx_it.o
                0x08000e28                HardFault_Handler
 .text.SVC_Handler
                0x08000e30        0xa ./Core/Src/stm32f0xx_it.o
                0x08000e30                SVC_Handler
 .text.PendSV_Handler
                0x08000e3a        0xa ./Core/Src/stm32f0xx_it.o
                0x08000e3a                PendSV_Handler
 .text.SysTick_Handler
                0x08000e44        0xa ./Core/Src/stm32f0xx_it.o
                0x08000e44                SysTick_Handler
 .text.SystemInit
                0x08000e4e        0xa ./Core/Src/system_stm32f0xx.o
                0x08000e4e                SystemInit
 .text.Reset_Handler
                0x08000e58       0x50 ./Core/Startup/startup_stm32f051c8tx.o
                0x08000e58                Reset_Handler
 .text.Default_Handler
                0x08000ea8        0x2 ./Core/Startup/startup_stm32f051c8tx.o
                0x08000ea8                TIM1_CC_IRQHandler
                0x08000ea8                TSC_IRQHandler
                0x08000ea8                ADC1_COMP_IRQHandler
                0x08000ea8                PVD_IRQHandler
                0x08000ea8                I2C1_IRQHandler
                0x08000ea8                RCC_CRS_IRQHandler
                0x08000ea8                SPI1_IRQHandler
                0x08000ea8                TIM6_DAC_IRQHandler
                0x08000ea8                EXTI2_3_IRQHandler
                0x08000ea8                I2C2_IRQHandler
                0x08000ea8                TIM17_IRQHandler
                0x08000ea8                CEC_CAN_IRQHandler
                0x08000ea8                RTC_IRQHandler
                0x08000ea8                TIM16_IRQHandler
                0x08000ea8                TIM3_IRQHandler
                0x08000ea8                EXTI4_15_IRQHandler
                0x08000ea8                DMA1_Channel1_IRQHandler
                0x08000ea8                Default_Handler
                0x08000ea8                TIM14_IRQHandler
                0x08000ea8                DMA1_Channel4_5_IRQHandler
                0x08000ea8                TIM15_IRQHandler
                0x08000ea8                EXTI0_1_IRQHandler
                0x08000ea8                SPI2_IRQHandler
                0x08000ea8                WWDG_IRQHandler
                0x08000ea8                TIM2_IRQHandler
                0x08000ea8                DMA1_Channel2_3_IRQHandler
                0x08000ea8                USART2_IRQHandler
                0x08000ea8                FLASH_IRQHandler
                0x08000ea8                USART1_IRQHandler
                0x08000ea8                TIM1_BRK_UP_TRG_COM_IRQHandler
 .text.LL_ADC_IsEnabled
                0x08000eaa       0x20 ./Drivers/STM32F0xx_HAL_Driver/Src/stm32f0xx_ll_adc.o
 *fill*         0x08000eca        0x2 
 .text.LL_ADC_Init
                0x08000ecc       0x6c ./Drivers/STM32F0xx_HAL_Driver/Src/stm32f0xx_ll_adc.o
                0x08000ecc                LL_ADC_Init
 .text.LL_GPIO_SetPinMode
                0x08000f38       0x38 ./Drivers/STM32F0xx_HAL_Driver/Src/stm32f0xx_ll_gpio.o
 .text.LL_GPIO_SetPinOutputType
                0x08000f70       0x2a ./Drivers/STM32F0xx_HAL_Driver/Src/stm32f0xx_ll_gpio.o
 .text.LL_GPIO_SetPinSpeed
                0x08000f9a       0x38 ./Drivers/STM32F0xx_HAL_Driver/Src/stm32f0xx_ll_gpio.o
 .text.LL_GPIO_SetPinPull
                0x08000fd2       0x38 ./Drivers/STM32F0xx_HAL_Driver/Src/stm32f0xx_ll_gpio.o
 .text.LL_GPIO_SetAFPin_0_7
                0x0800100a       0x46 ./Drivers/STM32F0xx_HAL_Driver/Src/stm32f0xx_ll_gpio.o
 .text.LL_GPIO_SetAFPin_8_15
                0x08001050       0x5a ./Drivers/STM32F0xx_HAL_Driver/Src/stm32f0xx_ll_gpio.o
 .text.LL_GPIO_Init
                0x080010aa       0xb8 ./Drivers/STM32F0xx_HAL_Driver/Src/stm32f0xx_ll_gpio.o
                0x080010aa                LL_GPIO_Init
 .text.LL_TIM_SetPrescaler
                0x08001162       0x18 ./Drivers/STM32F0xx_HAL_Driver/Src/stm32f0xx_ll_tim.o
 .text.LL_TIM_SetAutoReload
                0x0800117a       0x18 ./Drivers/STM32F0xx_HAL_Driver/Src/stm32f0xx_ll_tim.o
 .text.LL_TIM_SetRepetitionCounter
                0x08001192       0x18 ./Drivers/STM32F0xx_HAL_Driver/Src/stm32f0xx_ll_tim.o
 .text.LL_TIM_OC_SetCompareCH1
                0x080011aa       0x18 ./Drivers/STM32F0xx_HAL_Driver/Src/stm32f0xx_ll_tim.o
 .text.LL_TIM_OC_SetCompareCH2
                0x080011c2       0x18 ./Drivers/STM32F0xx_HAL_Driver/Src/stm32f0xx_ll_tim.o
 .text.LL_TIM_OC_SetCompareCH3
                0x080011da       0x18 ./Drivers/STM32F0xx_HAL_Driver/Src/stm32f0xx_ll_tim.o
 .text.LL_TIM_OC_SetCompareCH4
                0x080011f2       0x18 ./Drivers/STM32F0xx_HAL_Driver/Src/stm32f0xx_ll_tim.o
 .text.LL_TIM_GenerateEvent_UPDATE
                0x0800120a       0x1c ./Drivers/STM32F0xx_HAL_Driver/Src/stm32f0xx_ll_tim.o
 *fill*         0x08001226        0x2 
 .text.LL_TIM_Init
                0x08001228      0x104 ./Drivers/STM32F0xx_HAL_Driver/Src/stm32f0xx_ll_tim.o
                0x08001228                LL_TIM_Init
 .text.LL_TIM_OC_Init
                0x0800132c       0xb2 ./Drivers/STM32F0xx_HAL_Driver/Src/stm32f0xx_ll_tim.o
                0x0800132c                LL_TIM_OC_Init
 *fill*         0x080013de        0x2 
 .text.LL_TIM_BDTR_Init
                0x080013e0       0x98 ./Drivers/STM32F0xx_HAL_Driver/Src/stm32f0xx_ll_tim.o
                0x080013e0                LL_TIM_BDTR_Init
 .text.OC1Config
                0x08001478      0x108 ./Drivers/STM32F0xx_HAL_Driver/Src/stm32f0xx_ll_tim.o
 .text.OC2Config
                0x08001580      0x114 ./Drivers/STM32F0xx_HAL_Driver/Src/stm32f0xx_ll_tim.o
 .text.OC3Config
                0x08001694      0x114 ./Drivers/STM32F0xx_HAL_Driver/Src/stm32f0xx_ll_tim.o
 .text.OC4Config
                0x080017a8       0xe0 ./Drivers/STM32F0xx_HAL_Driver/Src/stm32f0xx_ll_tim.o
 .text.LL_InitTick
                0x08001888       0x34 ./Drivers/STM32F0xx_HAL_Driver/Src/stm32f0xx_ll_utils.o
 .text.LL_Init1msTick
                0x080018bc       0x1e ./Drivers/STM32F0xx_HAL_Driver/Src/stm32f0xx_ll_utils.o
                0x080018bc                LL_Init1msTick
 *fill*         0x080018da        0x2 
 .text.LL_mDelay
                0x080018dc       0x44 ./Drivers/STM32F0xx_HAL_Driver/Src/stm32f0xx_ll_utils.o
                0x080018dc                LL_mDelay
 .text.LL_SetSystemCoreClock
                0x08001920       0x1c ./Drivers/STM32F0xx_HAL_Driver/Src/stm32f0xx_ll_utils.o
                0x08001920                LL_SetSystemCoreClock
 .text.memset   0x0800193c       0x10 /home/icfoss/st/stm32cubeide_1.19.0_2/plugins/com.st.stm32cube.ide.mcu.externaltools.gnu-tools-for-stm32.13.3.rel1.linux64_1.0.0.202410170706/tools/bin/../lib/gcc/arm-none-eabi/13.3.1/../../../../arm-none-eabi/lib/thumb/v6-m/nofp/libc_nano.a(libc_a-memset.o)
                0x0800193c                memset
 .text.__libc_init_array
                0x0800194c       0x48 /home/icfoss/st/stm32cubeide_1.19.0_2/plugins/com.st.stm32cube.ide.mcu.externaltools.gnu-tools-for-stm32.13.3.rel1.linux64_1.0.0.202410170706/tools/bin/../lib/gcc/arm-none-eabi/13.3.1/../../../../arm-none-eabi/lib/thumb/v6-m/nofp/libc_nano.a(libc_a-init.o)
                0x0800194c                __libc_init_array
 *(.glue_7)
 .glue_7        0x08001994        0x0 linker stubs
 *(.glue_7t)
 .glue_7t       0x08001994        0x0 linker stubs
 *(.eh_frame)
 .eh_frame      0x08001994        0x0 /home/icfoss/st/stm32cubeide_1.19.0_2/plugins/com.st.stm32cube.ide.mcu.externaltools.gnu-tools-for-stm32.13.3.rel1.linux64_1.0.0.202410170706/tools/bin/../lib/gcc/arm-none-eabi/13.3.1/thumb/v6-m/nofp/crtbegin.o
 *(.init)
 .init          0x08001994        0x4 /home/icfoss/st/stm32cubeide_1.19.0_2/plugins/com.st.stm32cube.ide.mcu.externaltools.gnu-tools-for-stm32.13.3.rel1.linux64_1.0.0.202410170706/tools/bin/../lib/gcc/arm-none-eabi/13.3.1/thumb/v6-m/nofp/crti.o
                0x08001994                _init
 .init          0x08001998        0x8 /home/icfoss/st/stm32cubeide_1.19.0_2/plugins/com.st.stm32cube.ide.mcu.externaltools.gnu-tools-for-stm32.13.3.rel1.linux64_1.0.0.202410170706/tools/bin/../lib/gcc/arm-none-eabi/13.3.1/thumb/v6-m/nofp/crtn.o
 *(.fini)
 .fini          0x080019a0        0x4 /home/icfoss/st/stm32cubeide_1.19.0_2/plugins/com.st.stm32cube.ide.mcu.externaltools.gnu-tools-for-stm32.13.3.rel1.linux64_1.0.0.202410170706/tools/bin/../lib/gcc/arm-none-eabi/13.3.1/thumb/v6-m/nofp/crti.o
                0x080019a0                _fini
 .fini          0x080019a4        0x8 /home/icfoss/st/stm32cubeide_1.19.0_2/plugins/com.st.stm32cube.ide.mcu.externaltools.gnu-tools-for-stm32.13.3.rel1.linux64_1.0.0.202410170706/tools/bin/../lib/gcc/arm-none-eabi/13.3.1/thumb/v6-m/nofp/crtn.o
                0x080019ac                        . = ALIGN (0x4)
                0x080019ac                        _etext = .

.vfp11_veneer   0x080019ac        0x0
 .vfp11_veneer  0x080019ac        0x0 linker stubs

.v4_bx          0x080019ac        0x0
 .v4_bx         0x080019ac        0x0 linker stubs

.iplt           0x080019ac        0x0
 .iplt          0x080019ac        0x0 /home/icfoss/st/stm32cubeide_1.19.0_2/plugins/com.st.stm32cube.ide.mcu.externaltools.gnu-tools-for-stm32.13.3.rel1.linux64_1.0.0.202410170706/tools/bin/../lib/gcc/arm-none-eabi/13.3.1/thumb/v6-m/nofp/crtbegin.o

.rodata         0x080019ac       0x10
                0x080019ac                        . = ALIGN (0x4)
 *(.rodata)
 *(.rodata*)
 .rodata.OFFSET_TAB_CCMRx
                0x080019ac        0x7 ./Core/Src/main.o
 *fill*         0x080019b3        0x1 
 .rodata.SHIFT_TAB_OCxx
                0x080019b4        0x7 ./Core/Src/main.o
                0x080019bc                        . = ALIGN (0x4)
 *fill*         0x080019bb        0x1 

.ARM.extab      0x080019bc        0x0
                0x080019bc                        . = ALIGN (0x4)
 *(.ARM.extab* .gnu.linkonce.armextab.*)
                0x080019bc                        . = ALIGN (0x4)

.ARM            0x080019bc        0x0
                0x080019bc                        . = ALIGN (0x4)
                0x080019bc                        __exidx_start = .
 *(.ARM.exidx*)
                0x080019bc                        __exidx_end = .
                0x080019bc                        . = ALIGN (0x4)

.preinit_array  0x080019bc        0x0
                0x080019bc                        . = ALIGN (0x4)
                0x080019bc                        PROVIDE (__preinit_array_start = .)
 *(.preinit_array*)
                0x080019bc                        PROVIDE (__preinit_array_end = .)
                0x080019bc                        . = ALIGN (0x4)

.init_array     0x080019bc        0x4
                0x080019bc                        . = ALIGN (0x4)
                0x080019bc                        PROVIDE (__init_array_start = .)
 *(SORT_BY_NAME(.init_array.*))
 *(.init_array*)
 .init_array    0x080019bc        0x4 /home/icfoss/st/stm32cubeide_1.19.0_2/plugins/com.st.stm32cube.ide.mcu.externaltools.gnu-tools-for-stm32.13.3.rel1.linux64_1.0.0.202410170706/tools/bin/../lib/gcc/arm-none-eabi/13.3.1/thumb/v6-m/nofp/crtbegin.o
                0x080019c0                        PROVIDE (__init_array_end = .)
                0x080019c0                        . = ALIGN (0x4)

.fini_array     0x080019c0        0x4
                0x080019c0                        . = ALIGN (0x4)
                [!provide]                        PROVIDE (__fini_array_start = .)
 *(SORT_BY_NAME(.fini_array.*))
 *(.fini_array*)
 .fini_array    0x080019c0        0x4 /home/icfoss/st/stm32cubeide_1.19.0_2/plugins/com.st.stm32cube.ide.mcu.externaltools.gnu-tools-for-stm32.13.3.rel1.linux64_1.0.0.202410170706/tools/bin/../lib/gcc/arm-none-eabi/13.3.1/thumb/v6-m/nofp/crtbegin.o
                [!provide]                        PROVIDE (__fini_array_end = .)
                0x080019c4                        . = ALIGN (0x4)
                0x080019c4                        _sidata = LOADADDR (.data)

.rel.dyn        0x080019c4        0x0
 .rel.iplt      0x080019c4        0x0 /home/icfoss/st/stm32cubeide_1.19.0_2/plugins/com.st.stm32cube.ide.mcu.externaltools.gnu-tools-for-stm32.13.3.rel1.linux64_1.0.0.202410170706/tools/bin/../lib/gcc/arm-none-eabi/13.3.1/thumb/v6-m/nofp/crtbegin.o

.data           0x20000000        0x4 load address 0x080019c4
                0x20000000                        . = ALIGN (0x4)
                0x20000000                        _sdata = .
 *(.data)
 *(.data*)
 .data.SystemCoreClock
                0x20000000        0x4 ./Core/Src/system_stm32f0xx.o
                0x20000000                SystemCoreClock
 *(.RamFunc)
 *(.RamFunc*)
                0x20000004                        . = ALIGN (0x4)
                0x20000004                        _edata = .

.igot.plt       0x20000004        0x0 load address 0x080019c8
 .igot.plt      0x20000004        0x0 /home/icfoss/st/stm32cubeide_1.19.0_2/plugins/com.st.stm32cube.ide.mcu.externaltools.gnu-tools-for-stm32.13.3.rel1.linux64_1.0.0.202410170706/tools/bin/../lib/gcc/arm-none-eabi/13.3.1/thumb/v6-m/nofp/crtbegin.o
                0x20000004                        . = ALIGN (0x4)

.bss            0x20000004       0x20 load address 0x080019c8
                0x20000004                        _sbss = .
                0x20000004                        __bss_start__ = _sbss
 *(.bss)
 .bss           0x20000004       0x1c /home/icfoss/st/stm32cubeide_1.19.0_2/plugins/com.st.stm32cube.ide.mcu.externaltools.gnu-tools-for-stm32.13.3.rel1.linux64_1.0.0.202410170706/tools/bin/../lib/gcc/arm-none-eabi/13.3.1/thumb/v6-m/nofp/crtbegin.o
 *(.bss*)
 .bss.smooth.0  0x20000020        0x4 ./Core/Src/main.o
 *(COMMON)
                0x20000024                        . = ALIGN (0x4)
                0x20000024                        _ebss = .
                0x20000024                        __bss_end__ = _ebss

._user_heap_stack
                0x20000024      0x604 load address 0x080019c8
                0x20000028                        . = ALIGN (0x8)
 *fill*         0x20000024        0x4 
                [!provide]                        PROVIDE (end = .)
                0x20000028                        PROVIDE (_end = .)
                0x20000228                        . = (. + _Min_Heap_Size)
 *fill*         0x20000028      0x200 
                0x20000628                        . = (. + _Min_Stack_Size)
 *fill*         0x20000228      0x400 
                0x20000628                        . = ALIGN (0x8)

/DISCARD/
 libc.a(*)
 libm.a(*)
 libgcc.a(*)

.ARM.attributes
                0x00000000       0x28
 *(.ARM.attributes)
 .ARM.attributes
                0x00000000       0x1e /home/icfoss/st/stm32cubeide_1.19.0_2/plugins/com.st.stm32cube.ide.mcu.externaltools.gnu-tools-for-stm32.13.3.rel1.linux64_1.0.0.202410170706/tools/bin/../lib/gcc/arm-none-eabi/13.3.1/thumb/v6-m/nofp/crti.o
 .ARM.attributes
                0x0000001e       0x2c /home/icfoss/st/stm32cubeide_1.19.0_2/plugins/com.st.stm32cube.ide.mcu.externaltools.gnu-tools-for-stm32.13.3.rel1.linux64_1.0.0.202410170706/tools/bin/../lib/gcc/arm-none-eabi/13.3.1/thumb/v6-m/nofp/crtbegin.o
 .ARM.attributes
                0x0000004a       0x2c ./Core/Src/main.o
 .ARM.attributes
                0x00000076       0x2c ./Core/Src/stm32f0xx_it.o
 .ARM.attributes
                0x000000a2       0x2c ./Core/Src/system_stm32f0xx.o
 .ARM.attributes
                0x000000ce       0x21 ./Core/Startup/startup_stm32f051c8tx.o
 .ARM.attributes
                0x000000ef       0x2c ./Drivers/STM32F0xx_HAL_Driver/Src/stm32f0xx_ll_adc.o
 .ARM.attributes
                0x0000011b       0x2c ./Drivers/STM32F0xx_HAL_Driver/Src/stm32f0xx_ll_gpio.o
 .ARM.attributes
                0x00000147       0x2c ./Drivers/STM32F0xx_HAL_Driver/Src/stm32f0xx_ll_tim.o
 .ARM.attributes
                0x00000173       0x2c ./Drivers/STM32F0xx_HAL_Driver/Src/stm32f0xx_ll_utils.o
 .ARM.attributes
                0x0000019f       0x2c /home/icfoss/st/stm32cubeide_1.19.0_2/plugins/com.st.stm32cube.ide.mcu.externaltools.gnu-tools-for-stm32.13.3.rel1.linux64_1.0.0.202410170706/tools/bin/../lib/gcc/arm-none-eabi/13.3.1/../../../../arm-none-eabi/lib/thumb/v6-m/nofp/libc_nano.a(libc_a-memset.o)
 .ARM.attributes
                0x000001cb       0x2c /home/icfoss/st/stm32cubeide_1.19.0_2/plugins/com.st.stm32cube.ide.mcu.externaltools.gnu-tools-for-stm32.13.3.rel1.linux64_1.0.0.202410170706/tools/bin/../lib/gcc/arm-none-eabi/13.3.1/../../../../arm-none-eabi/lib/thumb/v6-m/nofp/libc_nano.a(libc_a-init.o)
 .ARM.attributes
                0x000001f7       0x1e /home/icfoss/st/stm32cubeide_1.19.0_2/plugins/com.st.stm32cube.ide.mcu.externaltools.gnu-tools-for-stm32.13.3.rel1.linux64_1.0.0.202410170706/tools/bin/../lib/gcc/arm-none-eabi/13.3.1/thumb/v6-m/nofp/libgcc.a(_udivsi3.o)
 .ARM.attributes
                0x00000215       0x1e /home/icfoss/st/stm32cubeide_1.19.0_2/plugins/com.st.stm32cube.ide.mcu.externaltools.gnu-tools-for-stm32.13.3.rel1.linux64_1.0.0.202410170706/tools/bin/../lib/gcc/arm-none-eabi/13.3.1/thumb/v6-m/nofp/libgcc.a(_dvmd_tls.o)
 .ARM.attributes
                0x00000233       0x1e /home/icfoss/st/stm32cubeide_1.19.0_2/plugins/com.st.stm32cube.ide.mcu.externaltools.gnu-tools-for-stm32.13.3.rel1.linux64_1.0.0.202410170706/tools/bin/../lib/gcc/arm-none-eabi/13.3.1/thumb/v6-m/nofp/crtn.o
OUTPUT(OPENLOOP_F051POTIOMETER.elf elf32-littlearm)
LOAD linker stubs
LOAD /home/icfoss/st/stm32cubeide_1.19.0_2/plugins/com.st.stm32cube.ide.mcu.externaltools.gnu-tools-for-stm32.13.3.rel1.linux64_1.0.0.202410170706/tools/bin/../lib/gcc/arm-none-eabi/13.3.1/../../../../arm-none-eabi/lib/thumb/v6-m/nofp/libc.a
LOAD /home/icfoss/st/stm32cubeide_1.19.0_2/plugins/com.st.stm32cube.ide.mcu.externaltools.gnu-tools-for-stm32.13.3.rel1.linux64_1.0.0.202410170706/tools/bin/../lib/gcc/arm-none-eabi/13.3.1/../../../../arm-none-eabi/lib/thumb/v6-m/nofp/libm.a
LOAD /home/icfoss/st/stm32cubeide_1.19.0_2/plugins/com.st.stm32cube.ide.mcu.externaltools.gnu-tools-for-stm32.13.3.rel1.linux64_1.0.0.202410170706/tools/bin/../lib/gcc/arm-none-eabi/13.3.1/thumb/v6-m/nofp/libgcc.a

.debug_info     0x00000000     0x377b
 .debug_info    0x00000000     0x132a ./Core/Src/main.o
 .debug_info    0x0000132a      0x16e ./Core/Src/stm32f0xx_it.o
 .debug_info    0x00001498      0x23b ./Core/Src/system_stm32f0xx.o
 .debug_info    0x000016d3       0x30 ./Core/Startup/startup_stm32f051c8tx.o
 .debug_info    0x00001703      0x5a7 ./Drivers/STM32F0xx_HAL_Driver/Src/stm32f0xx_ll_adc.o
 .debug_info    0x00001caa      0x510 ./Drivers/STM32F0xx_HAL_Driver/Src/stm32f0xx_ll_gpio.o
 .debug_info    0x000021ba      0xe4e ./Drivers/STM32F0xx_HAL_Driver/Src/stm32f0xx_ll_tim.o
 .debug_info    0x00003008      0x773 ./Drivers/STM32F0xx_HAL_Driver/Src/stm32f0xx_ll_utils.o

.debug_abbrev   0x00000000      0xcbc
 .debug_abbrev  0x00000000      0x319 ./Core/Src/main.o
 .debug_abbrev  0x00000319       0x81 ./Core/Src/stm32f0xx_it.o
 .debug_abbrev  0x0000039a      0x11c ./Core/Src/system_stm32f0xx.o
 .debug_abbrev  0x000004b6       0x24 ./Core/Startup/startup_stm32f051c8tx.o
 .debug_abbrev  0x000004da      0x1e3 ./Drivers/STM32F0xx_HAL_Driver/Src/stm32f0xx_ll_adc.o
 .debug_abbrev  0x000006bd      0x1a7 ./Drivers/STM32F0xx_HAL_Driver/Src/stm32f0xx_ll_gpio.o
 .debug_abbrev  0x00000864      0x20f ./Drivers/STM32F0xx_HAL_Driver/Src/stm32f0xx_ll_tim.o
 .debug_abbrev  0x00000a73      0x249 ./Drivers/STM32F0xx_HAL_Driver/Src/stm32f0xx_ll_utils.o

.debug_aranges  0x00000000      0x560
 .debug_aranges
                0x00000000      0x1c8 ./Core/Src/main.o
 .debug_aranges
                0x000001c8       0x40 ./Core/Src/stm32f0xx_it.o
 .debug_aranges
                0x00000208       0x28 ./Core/Src/system_stm32f0xx.o
 .debug_aranges
                0x00000230       0x28 ./Core/Startup/startup_stm32f051c8tx.o
 .debug_aranges
                0x00000258       0x88 ./Drivers/STM32F0xx_HAL_Driver/Src/stm32f0xx_ll_adc.o
 .debug_aranges
                0x000002e0       0x70 ./Drivers/STM32F0xx_HAL_Driver/Src/stm32f0xx_ll_gpio.o
 .debug_aranges
                0x00000350      0x128 ./Drivers/STM32F0xx_HAL_Driver/Src/stm32f0xx_ll_tim.o
 .debug_aranges
                0x00000478       0xe8 ./Drivers/STM32F0xx_HAL_Driver/Src/stm32f0xx_ll_utils.o

.debug_rnglists
                0x00000000      0x3f9
 .debug_rnglists
                0x00000000      0x158 ./Core/Src/main.o
 .debug_rnglists
                0x00000158       0x2b ./Core/Src/stm32f0xx_it.o
 .debug_rnglists
                0x00000183       0x1a ./Core/Src/system_stm32f0xx.o
 .debug_rnglists
                0x0000019d       0x19 ./Core/Startup/startup_stm32f051c8tx.o
 .debug_rnglists
                0x000001b6       0x62 ./Drivers/STM32F0xx_HAL_Driver/Src/stm32f0xx_ll_adc.o
 .debug_rnglists
                0x00000218       0x51 ./Drivers/STM32F0xx_HAL_Driver/Src/stm32f0xx_ll_gpio.o
 .debug_rnglists
                0x00000269       0xe4 ./Drivers/STM32F0xx_HAL_Driver/Src/stm32f0xx_ll_tim.o
 .debug_rnglists
                0x0000034d       0xac ./Drivers/STM32F0xx_HAL_Driver/Src/stm32f0xx_ll_utils.o

.debug_macro    0x00000000     0xc736
 .debug_macro   0x00000000      0x166 ./Core/Src/main.o
 .debug_macro   0x00000166      0xaea ./Core/Src/main.o
 .debug_macro   0x00000c50       0x2e ./Core/Src/main.o
 .debug_macro   0x00000c7e       0x22 ./Core/Src/main.o
 .debug_macro   0x00000ca0       0x22 ./Core/Src/main.o
 .debug_macro   0x00000cc2       0x8e ./Core/Src/main.o
 .debug_macro   0x00000d50       0x51 ./Core/Src/main.o
 .debug_macro   0x00000da1      0x103 ./Core/Src/main.o
 .debug_macro   0x00000ea4       0x6a ./Core/Src/main.o
 .debug_macro   0x00000f0e      0x1df ./Core/Src/main.o
 .debug_macro   0x000010ed       0x1c ./Core/Src/main.o
 .debug_macro   0x00001109       0x22 ./Core/Src/main.o
 .debug_macro   0x0000112b       0xaf ./Core/Src/main.o
 .debug_macro   0x000011da      0x391 ./Core/Src/main.o
 .debug_macro   0x0000156b     0x8d00 ./Core/Src/main.o
 .debug_macro   0x0000a26b       0x66 ./Core/Src/main.o
 .debug_macro   0x0000a2d1      0x5c9 ./Core/Src/main.o
 .debug_macro   0x0000a89a      0x3e9 ./Core/Src/main.o
 .debug_macro   0x0000ac83       0xe5 ./Core/Src/main.o
 .debug_macro   0x0000ad68      0x184 ./Core/Src/main.o
 .debug_macro   0x0000aeec       0xef ./Core/Src/main.o
 .debug_macro   0x0000afdb       0x16 ./Core/Src/main.o
 .debug_macro   0x0000aff1       0x2a ./Core/Src/main.o
 .debug_macro   0x0000b01b       0xa6 ./Core/Src/main.o
 .debug_macro   0x0000b0c1      0x215 ./Core/Src/main.o
 .debug_macro   0x0000b2d6      0x5bd ./Core/Src/main.o
 .debug_macro   0x0000b893      0x11f ./Core/Src/main.o
 .debug_macro   0x0000b9b2       0x22 ./Core/Src/main.o
 .debug_macro   0x0000b9d4      0x146 ./Core/Src/stm32f0xx_it.o
 .debug_macro   0x0000bb1a       0xc0 ./Core/Src/system_stm32f0xx.o
 .debug_macro   0x0000bbda      0x122 ./Drivers/STM32F0xx_HAL_Driver/Src/stm32f0xx_ll_adc.o
 .debug_macro   0x0000bcfc       0xfc ./Drivers/STM32F0xx_HAL_Driver/Src/stm32f0xx_ll_gpio.o
 .debug_macro   0x0000bdf8      0x119 ./Drivers/STM32F0xx_HAL_Driver/Src/stm32f0xx_ll_gpio.o
 .debug_macro   0x0000bf11      0x145 ./Drivers/STM32F0xx_HAL_Driver/Src/stm32f0xx_ll_tim.o
 .debug_macro   0x0000c056      0x5b7 ./Drivers/STM32F0xx_HAL_Driver/Src/stm32f0xx_ll_tim.o
 .debug_macro   0x0000c60d      0x129 ./Drivers/STM32F0xx_HAL_Driver/Src/stm32f0xx_ll_utils.o

.debug_line     0x00000000     0x3993
 .debug_line    0x00000000      0xdfe ./Core/Src/main.o
 .debug_line    0x00000dfe      0x5e8 ./Core/Src/stm32f0xx_it.o
 .debug_line    0x000013e6      0x4be ./Core/Src/system_stm32f0xx.o
 .debug_line    0x000018a4       0x7b ./Core/Startup/startup_stm32f051c8tx.o
 .debug_line    0x0000191f      0x6b8 ./Drivers/STM32F0xx_HAL_Driver/Src/stm32f0xx_ll_adc.o
 .debug_line    0x00001fd7      0x632 ./Drivers/STM32F0xx_HAL_Driver/Src/stm32f0xx_ll_gpio.o
 .debug_line    0x00002609      0xace ./Drivers/STM32F0xx_HAL_Driver/Src/stm32f0xx_ll_tim.o
 .debug_line    0x000030d7      0x8bc ./Drivers/STM32F0xx_HAL_Driver/Src/stm32f0xx_ll_utils.o

.debug_str      0x00000000    0x460ea
 .debug_str     0x00000000    0x460ea ./Core/Src/main.o
                              0x43526 (size before relaxing)
 .debug_str     0x000460ea    0x42a30 ./Core/Src/stm32f0xx_it.o
 .debug_str     0x000460ea    0x36dd0 ./Core/Src/system_stm32f0xx.o
 .debug_str     0x000460ea       0x93 ./Core/Startup/startup_stm32f051c8tx.o
 .debug_str     0x000460ea    0x3be9d ./Drivers/STM32F0xx_HAL_Driver/Src/stm32f0xx_ll_adc.o
 .debug_str     0x000460ea    0x37fdf ./Drivers/STM32F0xx_HAL_Driver/Src/stm32f0xx_ll_gpio.o
 .debug_str     0x000460ea    0x3b709 ./Drivers/STM32F0xx_HAL_Driver/Src/stm32f0xx_ll_tim.o
 .debug_str     0x000460ea    0x3a30c ./Drivers/STM32F0xx_HAL_Driver/Src/stm32f0xx_ll_utils.o

.comment        0x00000000       0x43
 .comment       0x00000000       0x43 ./Core/Src/main.o
                                 0x44 (size before relaxing)
 .comment       0x00000043       0x44 ./Core/Src/stm32f0xx_it.o
 .comment       0x00000043       0x44 ./Core/Src/system_stm32f0xx.o
 .comment       0x00000043       0x44 ./Drivers/STM32F0xx_HAL_Driver/Src/stm32f0xx_ll_adc.o
 .comment       0x00000043       0x44 ./Drivers/STM32F0xx_HAL_Driver/Src/stm32f0xx_ll_gpio.o
 .comment       0x00000043       0x44 ./Drivers/STM32F0xx_HAL_Driver/Src/stm32f0xx_ll_tim.o
 .comment       0x00000043       0x44 ./Drivers/STM32F0xx_HAL_Driver/Src/stm32f0xx_ll_utils.o

.debug_frame    0x00000000     0x1294
 .debug_frame   0x00000000      0x688 ./Core/Src/main.o
 .debug_frame   0x00000688       0x9c ./Core/Src/stm32f0xx_it.o
 .debug_frame   0x00000724       0x4c ./Core/Src/system_stm32f0xx.o
 .debug_frame   0x00000770      0x1d0 ./Drivers/STM32F0xx_HAL_Driver/Src/stm32f0xx_ll_adc.o
 .debug_frame   0x00000940      0x170 ./Drivers/STM32F0xx_HAL_Driver/Src/stm32f0xx_ll_gpio.o
 .debug_frame   0x00000ab0      0x450 ./Drivers/STM32F0xx_HAL_Driver/Src/stm32f0xx_ll_tim.o
 .debug_frame   0x00000f00      0x328 ./Drivers/STM32F0xx_HAL_Driver/Src/stm32f0xx_ll_utils.o
 .debug_frame   0x00001228       0x20 /home/icfoss/st/stm32cubeide_1.19.0_2/plugins/com.st.stm32cube.ide.mcu.externaltools.gnu-tools-for-stm32.13.3.rel1.linux64_1.0.0.202410170706/tools/bin/../lib/gcc/arm-none-eabi/13.3.1/../../../../arm-none-eabi/lib/thumb/v6-m/nofp/libc_nano.a(libc_a-memset.o)
 .debug_frame   0x00001248       0x2c /home/icfoss/st/stm32cubeide_1.19.0_2/plugins/com.st.stm32cube.ide.mcu.externaltools.gnu-tools-for-stm32.13.3.rel1.linux64_1.0.0.202410170706/tools/bin/../lib/gcc/arm-none-eabi/13.3.1/../../../../arm-none-eabi/lib/thumb/v6-m/nofp/libc_nano.a(libc_a-init.o)
 .debug_frame   0x00001274       0x20 /home/icfoss/st/stm32cubeide_1.19.0_2/plugins/com.st.stm32cube.ide.mcu.externaltools.gnu-tools-for-stm32.13.3.rel1.linux64_1.0.0.202410170706/tools/bin/../lib/gcc/arm-none-eabi/13.3.1/thumb/v6-m/nofp/libgcc.a(_udivsi3.o)

.debug_line_str
                0x00000000       0x77
 .debug_line_str
                0x00000000       0x77 ./Core/Startup/startup_stm32f051c8tx.o
