../Drivers/STM32F0xx_HAL_Driver/Src/stm32f0xx_hal_flash_ex.c:157:19:HAL_FLASHEx_Erase	32	static
../Drivers/STM32F0xx_HAL_Driver/Src/stm32f0xx_hal_flash_ex.c:238:19:HAL_FLASHEx_Erase_IT	24	static
../Drivers/STM32F0xx_HAL_Driver/Src/stm32f0xx_hal_flash_ex.c:311:19:HAL_FLASHEx_OBErase	24	static
../Drivers/STM32F0xx_HAL_Driver/Src/stm32f0xx_hal_flash_ex.c:360:19:HAL_FLASHEx_OBProgram	32	static
../Drivers/STM32F0xx_HAL_Driver/Src/stm32f0xx_hal_flash_ex.c:441:6:HAL_FLASHEx_OBGetConfig	16	static
../Drivers/STM32F0xx_HAL_Driver/Src/stm32f0xx_hal_flash_ex.c:463:10:HAL_FLASHEx_OBGetUserData	24	static
../Drivers/STM32F0xx_HAL_Driver/Src/stm32f0xx_hal_flash_ex.c:498:13:FLASH_MassErase	8	static
../Drivers/STM32F0xx_HAL_Driver/Src/stm32f0xx_hal_flash_ex.c:519:26:FLASH_OB_EnableWRP	40	static
../Drivers/STM32F0xx_HAL_Driver/Src/stm32f0xx_hal_flash_ex.c:635:26:FLASH_OB_DisableWRP	40	static
../Drivers/STM32F0xx_HAL_Driver/Src/stm32f0xx_hal_flash_ex.c:749:26:FLASH_OB_RDP_LevelConfig	32	static
../Drivers/STM32F0xx_HAL_Driver/Src/stm32f0xx_hal_flash_ex.c:800:26:FLASH_OB_UserConfig	32	static
../Drivers/STM32F0xx_HAL_Driver/Src/stm32f0xx_hal_flash_ex.c:855:26:FLASH_OB_ProgramData	32	static
../Drivers/STM32F0xx_HAL_Driver/Src/stm32f0xx_hal_flash_ex.c:888:17:FLASH_OB_GetWRP	8	static
../Drivers/STM32F0xx_HAL_Driver/Src/stm32f0xx_hal_flash_ex.c:902:17:FLASH_OB_GetRDP	16	static
../Drivers/STM32F0xx_HAL_Driver/Src/stm32f0xx_hal_flash_ex.c:929:16:FLASH_OB_GetUser	8	static
../Drivers/STM32F0xx_HAL_Driver/Src/stm32f0xx_hal_flash_ex.c:958:6:FLASH_PageErase	16	static
