../Drivers/STM32F0xx_HAL_Driver/Src/stm32f0xx_hal_pwr.c:73:6:HAL_PWR_DeInit	8	static
../Drivers/STM32F0xx_HAL_Driver/Src/stm32f0xx_hal_pwr.c:86:6:HAL_PWR_EnableBkUpAccess	8	static
../Drivers/STM32F0xx_HAL_Driver/Src/stm32f0xx_hal_pwr.c:98:6:HAL_PWR_DisableBkUpAccess	8	static
../Drivers/STM32F0xx_HAL_Driver/Src/stm32f0xx_hal_pwr.c:229:6:HAL_PWR_EnableWakeUpPin	16	static
../Drivers/STM32F0xx_HAL_Driver/Src/stm32f0xx_hal_pwr.c:244:6:HAL_PWR_DisableWakeUpPin	16	static
../Drivers/STM32F0xx_HAL_Driver/Src/stm32f0xx_hal_pwr.c:267:6:HAL_PWR_EnterSLEEPMode	16	static,ignoring_inline_asm
../Drivers/STM32F0xx_HAL_Driver/Src/stm32f0xx_hal_pwr.c:310:6:HAL_PWR_EnterSTOPMode	24	static,ignoring_inline_asm
../Drivers/STM32F0xx_HAL_Driver/Src/stm32f0xx_hal_pwr.c:365:6:HAL_PWR_EnterSTANDBYMode	8	static,ignoring_inline_asm
../Drivers/STM32F0xx_HAL_Driver/Src/stm32f0xx_hal_pwr.c:389:6:HAL_PWR_EnableSleepOnExit	8	static
../Drivers/STM32F0xx_HAL_Driver/Src/stm32f0xx_hal_pwr.c:402:6:HAL_PWR_DisableSleepOnExit	8	static
../Drivers/STM32F0xx_HAL_Driver/Src/stm32f0xx_hal_pwr.c:416:6:HAL_PWR_EnableSEVOnPend	8	static
../Drivers/STM32F0xx_HAL_Driver/Src/stm32f0xx_hal_pwr.c:429:6:HAL_PWR_DisableSEVOnPend	8	static
