../Drivers/CMSIS/Include/core_cm0.h:730:22:__NVIC_SetPriority	24	static
../Drivers/STM32F0xx_HAL_Driver/Inc/stm32f0xx_ll_adc.h:2074:22:LL_ADC_REG_SetSequencerChannels	16	static
../Drivers/STM32F0xx_HAL_Driver/Inc/stm32f0xx_ll_adc.h:2749:22:LL_ADC_Enable	16	static
../Drivers/STM32F0xx_HAL_Driver/Inc/stm32f0xx_ll_adc.h:2829:22:LL_ADC_StartCalibration	16	static
../Drivers/STM32F0xx_HAL_Driver/Inc/stm32f0xx_ll_adc.h:2845:26:LL_ADC_IsCalibrationOnGoing	16	static
../Drivers/STM32F0xx_HAL_Driver/Inc/stm32f0xx_ll_adc.h:2876:22:LL_ADC_REG_StartConversion	16	static
../Drivers/STM32F0xx_HAL_Driver/Inc/stm32f0xx_ll_adc.h:2951:26:LL_ADC_REG_ReadConversionData12	16	static
../Drivers/STM32F0xx_HAL_Driver/Inc/stm32f0xx_ll_adc.h:3018:26:LL_ADC_IsActiveFlag_ADRDY	16	static
../Drivers/STM32F0xx_HAL_Driver/Inc/stm32f0xx_ll_adc.h:3029:26:LL_ADC_IsActiveFlag_EOC	16	static
../Drivers/STM32F0xx_HAL_Driver/Inc/stm32f0xx_ll_adc.h:3098:22:LL_ADC_ClearFlag_EOC	16	static
../Drivers/STM32F0xx_HAL_Driver/Inc/stm32f0xx_ll_rcc.h:746:22:LL_RCC_HSI_Enable	8	static
../Drivers/STM32F0xx_HAL_Driver/Inc/stm32f0xx_ll_rcc.h:766:26:LL_RCC_HSI_IsReady	8	static
../Drivers/STM32F0xx_HAL_Driver/Inc/stm32f0xx_ll_rcc.h:871:22:LL_RCC_HSI14_Enable	8	static
../Drivers/STM32F0xx_HAL_Driver/Inc/stm32f0xx_ll_rcc.h:891:26:LL_RCC_HSI14_IsReady	8	static
../Drivers/STM32F0xx_HAL_Driver/Inc/stm32f0xx_ll_rcc.h:1098:22:LL_RCC_SetSysClkSource	16	static
../Drivers/STM32F0xx_HAL_Driver/Inc/stm32f0xx_ll_rcc.h:1114:26:LL_RCC_GetSysClkSource	8	static
../Drivers/STM32F0xx_HAL_Driver/Inc/stm32f0xx_ll_rcc.h:1134:22:LL_RCC_SetAHBPrescaler	16	static
../Drivers/STM32F0xx_HAL_Driver/Inc/stm32f0xx_ll_rcc.h:1150:22:LL_RCC_SetAPB1Prescaler	16	static
../Drivers/STM32F0xx_HAL_Driver/Inc/stm32f0xx_ll_rcc.h:1505:22:LL_RCC_PLL_Enable	8	static
../Drivers/STM32F0xx_HAL_Driver/Inc/stm32f0xx_ll_rcc.h:1526:26:LL_RCC_PLL_IsReady	8	static
../Drivers/STM32F0xx_HAL_Driver/Inc/stm32f0xx_ll_rcc.h:1627:22:LL_RCC_PLL_ConfigDomain_SYS	16	static
../Drivers/STM32F0xx_HAL_Driver/Inc/stm32f0xx_ll_bus.h:225:22:LL_AHB1_GRP1_EnableClock	24	static
../Drivers/STM32F0xx_HAL_Driver/Inc/stm32f0xx_ll_bus.h:413:22:LL_APB1_GRP1_EnableClock	24	static
../Drivers/STM32F0xx_HAL_Driver/Inc/stm32f0xx_ll_bus.h:663:22:LL_APB1_GRP2_EnableClock	24	static
../Drivers/STM32F0xx_HAL_Driver/Inc/stm32f0xx_ll_system.h:1778:22:LL_FLASH_SetLatency	16	static
../Drivers/STM32F0xx_HAL_Driver/Inc/stm32f0xx_ll_system.h:1790:26:LL_FLASH_GetLatency	8	static
../Drivers/STM32F0xx_HAL_Driver/Inc/stm32f0xx_ll_tim.h:1073:22:LL_TIM_EnableCounter	16	static
../Drivers/STM32F0xx_HAL_Driver/Inc/stm32f0xx_ll_tim.h:1253:22:LL_TIM_EnableARRPreload	16	static
../Drivers/STM32F0xx_HAL_Driver/Inc/stm32f0xx_ll_tim.h:1569:22:LL_TIM_CC_EnableChannel	16	static
../Drivers/STM32F0xx_HAL_Driver/Inc/stm32f0xx_ll_tim.h:1594:22:LL_TIM_CC_DisableChannel	16	static
../Drivers/STM32F0xx_HAL_Driver/Inc/stm32f0xx_ll_tim.h:1926:22:LL_TIM_OC_EnablePreload	24	static
../Drivers/STM32F0xx_HAL_Driver/Inc/stm32f0xx_ll_tim.h:2077:22:LL_TIM_OC_SetCompareCH1	16	static
../Drivers/STM32F0xx_HAL_Driver/Inc/stm32f0xx_ll_tim.h:2094:22:LL_TIM_OC_SetCompareCH2	16	static
../Drivers/STM32F0xx_HAL_Driver/Inc/stm32f0xx_ll_tim.h:2111:22:LL_TIM_OC_SetCompareCH3	16	static
../Drivers/STM32F0xx_HAL_Driver/Inc/stm32f0xx_ll_tim.h:2952:22:LL_TIM_EnableAllOutputs	16	static
../Drivers/STM32F0xx_HAL_Driver/Inc/stm32f0xx_ll_gpio.h:838:22:LL_GPIO_SetOutputPin	16	static
../Drivers/STM32F0xx_HAL_Driver/Inc/stm32f0xx_ll_gpio.h:867:22:LL_GPIO_ResetOutputPin	16	static
../Core/Src/main.c:20:20:short_delay_cycles	16	static,ignoring_inline_asm
../Core/Src/main.c:22:20:phaseA_PWM	8	static
../Core/Src/main.c:23:20:phaseB_PWM	8	static
../Core/Src/main.c:24:20:phaseC_PWM	8	static
../Core/Src/main.c:26:20:phaseA_LOW	8	static
../Core/Src/main.c:27:20:phaseB_LOW	8	static
../Core/Src/main.c:28:20:phaseC_LOW	8	static
../Core/Src/main.c:30:20:phaseA_OFF	8	static
../Core/Src/main.c:31:20:phaseB_OFF	8	static
../Core/Src/main.c:32:20:phaseC_OFF	8	static
../Core/Src/main.c:34:5:main	24	static
../Core/Src/main.c:79:13:MX_ADC1_Init	56	static
../Core/Src/main.c:110:17:Read_Potentiometer	24	static
../Core/Src/main.c:128:6:SystemClock_Config	8	static
../Core/Src/main.c:149:13:MX_TIM1_Init	96	static
../Core/Src/main.c:175:13:MX_GPIO_Init	32	static
../Core/Src/main.c:200:6:Error_Handler	8	static
